# vsim -voptargs="+acc" work.top -coverage -l sim.log 
# Start time: 07:05:49 on Sep 15,2026
# ** Note: (vsim-8009) Loading existing optimized design _opt1
# //  Questa Sim-64
# //  Version 2021.1 win64 Jan 19 2021
# //
# //  Copyright 1991-2021 Mentor Graphics Corporation
# //  All Rights Reserved.
# //
# //  QuestaSim and its associated documentation contain trade
# //  secrets and commercial or financial information that are the property of
# //  Mentor Graphics Corporation and are privileged, confidential,
# //  and exempt from disclosure under the Freedom of Information Act,
# //  5 U.S.C. Section 552. Furthermore, this information
# //  is prohibited from disclosure under the Trade Secrets Act,
# //  18 U.S.C. Section 1905.
# //
# Loading sv_std.std
# Loading work.FIFO_if(fast)
# Loading work.pkg(fast)
# Loading work.top(fast)
# Loading work.FIFO_if(fast__2)
# Loading work.FIFO(fast)
# Loading work.assertions(fast)
# ** Warning: (vsim-WLF-5000) WLF file currently in use: vsim.wlf
#           File in use by: Yasser  Hostname: YASSER  ProcessID: 20384
#           Attempting to use alternate WLF file "./wlftscvyk8".
# ** Warning: (vsim-WLF-5001) Could not open WLF file: vsim.wlf
#           Using alternate file: ./wlftscvyk8
# 
# --------------- Assert Reset ---------------
# 
# [TRANSACTION] Time : 15 | Inputs : DATA_IN = 13604 , WR_EN = 0 , RD_EN = 0 RST_N = 0
# [ACTUAL] Time : 15 | Outputs : DATA_OUT = x , WR_ACK = 0 , OVERFLOW = 0 , FULL = 0 , EMPTY = 1 , ALMOSTFULL = 0 , ALMOSTEMPTY = 0 , UNDERFLOW = 0
# [EXPECTED] Time : 15 | Outputs : DATA_OUT = x , WR_ACK = 0 , OVERFLOW = 0 , FULL = 0 , EMPTY = 1 , ALMOSTFULL = 0 , ALMOSTEMPTY = 0 , UNDERFLOW = 0
# [PASS] Time: 15 | All outputs matched!
# 
# [TRANSACTION] Time : 25 | Inputs : DATA_IN = 24193 , WR_EN = 0 , RD_EN = 0 RST_N = 0
# [ACTUAL] Time : 25 | Outputs : DATA_OUT = x , WR_ACK = 0 , OVERFLOW = 0 , FULL = 0 , EMPTY = 1 , ALMOSTFULL = 0 , ALMOSTEMPTY = 0 , UNDERFLOW = 0
# [EXPECTED] Time : 25 | Outputs : DATA_OUT = x , WR_ACK = 0 , OVERFLOW = 0 , FULL = 0 , EMPTY = 1 , ALMOSTFULL = 0 , ALMOSTEMPTY = 0 , UNDERFLOW = 0
# [PASS] Time: 25 | All outputs matched!
# 
# 
# --------------- Release Reset ---------------
# 
# [TRANSACTION] Time : 35 | Inputs : DATA_IN = 54793 , WR_EN = 0 , RD_EN = 0 RST_N = 1
# [ACTUAL] Time : 35 | Outputs : DATA_OUT = x , WR_ACK = 0 , OVERFLOW = 0 , FULL = 0 , EMPTY = 1 , ALMOSTFULL = 0 , ALMOSTEMPTY = 0 , UNDERFLOW = 0
# [EXPECTED] Time : 35 | Outputs : DATA_OUT = x , WR_ACK = 0 , OVERFLOW = 0 , FULL = 0 , EMPTY = 1 , ALMOSTFULL = 0 , ALMOSTEMPTY = 0 , UNDERFLOW = 0
# [PASS] Time: 35 | All outputs matched!
# 
# [TRANSACTION] Time : 45 | Inputs : DATA_IN = 22115 , WR_EN = 0 , RD_EN = 0 RST_N = 1
# [ACTUAL] Time : 45 | Outputs : DATA_OUT = x , WR_ACK = 0 , OVERFLOW = 0 , FULL = 0 , EMPTY = 1 , ALMOSTFULL = 0 , ALMOSTEMPTY = 0 , UNDERFLOW = 0
# [EXPECTED] Time : 45 | Outputs : DATA_OUT = x , WR_ACK = 0 , OVERFLOW = 0 , FULL = 0 , EMPTY = 1 , ALMOSTFULL = 0 , ALMOSTEMPTY = 0 , UNDERFLOW = 0
# [PASS] Time: 45 | All outputs matched!
# 
# 
# --------------- FIFO Intialization ---------------
# 
# [TRANSACTION] Time : 55 | Inputs : DATA_IN = 22115 , WR_EN = 0 , RD_EN = 0 RST_N = 1
# [ACTUAL] Time : 55 | Outputs : DATA_OUT = x , WR_ACK = 0 , OVERFLOW = 0 , FULL = 0 , EMPTY = 1 , ALMOSTFULL = 0 , ALMOSTEMPTY = 0 , UNDERFLOW = 0
# [EXPECTED] Time : 55 | Outputs : DATA_OUT = x , WR_ACK = 0 , OVERFLOW = 0 , FULL = 0 , EMPTY = 1 , ALMOSTFULL = 0 , ALMOSTEMPTY = 0 , UNDERFLOW = 0
# [PASS] Time: 55 | All outputs matched!
# 
# [TRANSACTION] Time : 65 | Inputs : DATA_IN = 0 , WR_EN = 1 , RD_EN = 0 RST_N = 1
# [ACTUAL] Time : 65 | Outputs : DATA_OUT = x , WR_ACK = 1 , OVERFLOW = 0 , FULL = 0 , EMPTY = 0 , ALMOSTFULL = 0 , ALMOSTEMPTY = 1 , UNDERFLOW = 0
# [EXPECTED] Time : 65 | Outputs : DATA_OUT = x , WR_ACK = 1 , OVERFLOW = 0 , FULL = 0 , EMPTY = 0 , ALMOSTFULL = 0 , ALMOSTEMPTY = 1 , UNDERFLOW = 0
# [PASS] Time: 65 | All outputs matched!
# 
# [TRANSACTION] Time : 75 | Inputs : DATA_IN = 0 , WR_EN = 1 , RD_EN = 0 RST_N = 1
# [ACTUAL] Time : 75 | Outputs : DATA_OUT = x , WR_ACK = 1 , OVERFLOW = 0 , FULL = 0 , EMPTY = 0 , ALMOSTFULL = 0 , ALMOSTEMPTY = 0 , UNDERFLOW = 0
# [EXPECTED] Time : 75 | Outputs : DATA_OUT = x , WR_ACK = 1 , OVERFLOW = 0 , FULL = 0 , EMPTY = 0 , ALMOSTFULL = 0 , ALMOSTEMPTY = 0 , UNDERFLOW = 0
# [PASS] Time: 75 | All outputs matched!
# 
# [TRANSACTION] Time : 85 | Inputs : DATA_IN = 0 , WR_EN = 1 , RD_EN = 0 RST_N = 1
# [ACTUAL] Time : 85 | Outputs : DATA_OUT = x , WR_ACK = 1 , OVERFLOW = 0 , FULL = 0 , EMPTY = 0 , ALMOSTFULL = 0 , ALMOSTEMPTY = 0 , UNDERFLOW = 0
# [EXPECTED] Time : 85 | Outputs : DATA_OUT = x , WR_ACK = 1 , OVERFLOW = 0 , FULL = 0 , EMPTY = 0 , ALMOSTFULL = 0 , ALMOSTEMPTY = 0 , UNDERFLOW = 0
# [PASS] Time: 85 | All outputs matched!
# 
# [TRANSACTION] Time : 95 | Inputs : DATA_IN = 0 , WR_EN = 1 , RD_EN = 0 RST_N = 1
# [ACTUAL] Time : 95 | Outputs : DATA_OUT = x , WR_ACK = 1 , OVERFLOW = 0 , FULL = 0 , EMPTY = 0 , ALMOSTFULL = 0 , ALMOSTEMPTY = 0 , UNDERFLOW = 0
# [EXPECTED] Time : 95 | Outputs : DATA_OUT = x , WR_ACK = 1 , OVERFLOW = 0 , FULL = 0 , EMPTY = 0 , ALMOSTFULL = 0 , ALMOSTEMPTY = 0 , UNDERFLOW = 0
# [PASS] Time: 95 | All outputs matched!
# 
# [TRANSACTION] Time : 105 | Inputs : DATA_IN = 0 , WR_EN = 1 , RD_EN = 0 RST_N = 1
# [ACTUAL] Time : 105 | Outputs : DATA_OUT = x , WR_ACK = 1 , OVERFLOW = 0 , FULL = 0 , EMPTY = 0 , ALMOSTFULL = 0 , ALMOSTEMPTY = 0 , UNDERFLOW = 0
# [EXPECTED] Time : 105 | Outputs : DATA_OUT = x , WR_ACK = 1 , OVERFLOW = 0 , FULL = 0 , EMPTY = 0 , ALMOSTFULL = 0 , ALMOSTEMPTY = 0 , UNDERFLOW = 0
# [PASS] Time: 105 | All outputs matched!
# 
# [TRANSACTION] Time : 115 | Inputs : DATA_IN = 0 , WR_EN = 1 , RD_EN = 0 RST_N = 1
# [ACTUAL] Time : 115 | Outputs : DATA_OUT = x , WR_ACK = 1 , OVERFLOW = 0 , FULL = 0 , EMPTY = 0 , ALMOSTFULL = 0 , ALMOSTEMPTY = 0 , UNDERFLOW = 0
# [EXPECTED] Time : 115 | Outputs : DATA_OUT = x , WR_ACK = 1 , OVERFLOW = 0 , FULL = 0 , EMPTY = 0 , ALMOSTFULL = 0 , ALMOSTEMPTY = 0 , UNDERFLOW = 0
# [PASS] Time: 115 | All outputs matched!
# 
# [TRANSACTION] Time : 125 | Inputs : DATA_IN = 0 , WR_EN = 1 , RD_EN = 0 RST_N = 1
# [ACTUAL] Time : 125 | Outputs : DATA_OUT = x , WR_ACK = 1 , OVERFLOW = 0 , FULL = 0 , EMPTY = 0 , ALMOSTFULL = 1 , ALMOSTEMPTY = 0 , UNDERFLOW = 0
# [EXPECTED] Time : 125 | Outputs : DATA_OUT = x , WR_ACK = 1 , OVERFLOW = 0 , FULL = 0 , EMPTY = 0 , ALMOSTFULL = 1 , ALMOSTEMPTY = 0 , UNDERFLOW = 0
# [PASS] Time: 125 | All outputs matched!
# 
# [TRANSACTION] Time : 135 | Inputs : DATA_IN = 0 , WR_EN = 1 , RD_EN = 0 RST_N = 1
# [ACTUAL] Time : 135 | Outputs : DATA_OUT = x , WR_ACK = 1 , OVERFLOW = 0 , FULL = 1 , EMPTY = 0 , ALMOSTFULL = 0 , ALMOSTEMPTY = 0 , UNDERFLOW = 0
# [EXPECTED] Time : 135 | Outputs : DATA_OUT = x , WR_ACK = 1 , OVERFLOW = 0 , FULL = 1 , EMPTY = 0 , ALMOSTFULL = 0 , ALMOSTEMPTY = 0 , UNDERFLOW = 0
# [PASS] Time: 135 | All outputs matched!
# 
# 
# --------------- Try to Write ---------------
# 
# [TRANSACTION] Time : 145 | Inputs : DATA_IN = 0 , WR_EN = 1 , RD_EN = 0 RST_N = 1
# [ACTUAL] Time : 145 | Outputs : DATA_OUT = x , WR_ACK = 0 , OVERFLOW = 1 , FULL = 1 , EMPTY = 0 , ALMOSTFULL = 0 , ALMOSTEMPTY = 0 , UNDERFLOW = 0
# [EXPECTED] Time : 145 | Outputs : DATA_OUT = x , WR_ACK = 0 , OVERFLOW = 1 , FULL = 1 , EMPTY = 0 , ALMOSTFULL = 0 , ALMOSTEMPTY = 0 , UNDERFLOW = 0
# [PASS] Time: 145 | All outputs matched!
# 
# [TRANSACTION] Time : 155 | Inputs : DATA_IN = 39309 , WR_EN = 1 , RD_EN = 0 RST_N = 1
# [ACTUAL] Time : 155 | Outputs : DATA_OUT = x , WR_ACK = 0 , OVERFLOW = 1 , FULL = 1 , EMPTY = 0 , ALMOSTFULL = 0 , ALMOSTEMPTY = 0 , UNDERFLOW = 0
# [EXPECTED] Time : 155 | Outputs : DATA_OUT = x , WR_ACK = 0 , OVERFLOW = 1 , FULL = 1 , EMPTY = 0 , ALMOSTFULL = 0 , ALMOSTEMPTY = 0 , UNDERFLOW = 0
# [PASS] Time: 155 | All outputs matched!
# 
# [TRANSACTION] Time : 165 | Inputs : DATA_IN = 33893 , WR_EN = 1 , RD_EN = 0 RST_N = 1
# [ACTUAL] Time : 165 | Outputs : DATA_OUT = x , WR_ACK = 0 , OVERFLOW = 1 , FULL = 1 , EMPTY = 0 , ALMOSTFULL = 0 , ALMOSTEMPTY = 0 , UNDERFLOW = 0
# [EXPECTED] Time : 165 | Outputs : DATA_OUT = x , WR_ACK = 0 , OVERFLOW = 1 , FULL = 1 , EMPTY = 0 , ALMOSTFULL = 0 , ALMOSTEMPTY = 0 , UNDERFLOW = 0
# [PASS] Time: 165 | All outputs matched!
# 
# [TRANSACTION] Time : 175 | Inputs : DATA_IN = 21010 , WR_EN = 1 , RD_EN = 0 RST_N = 1
# [ACTUAL] Time : 175 | Outputs : DATA_OUT = x , WR_ACK = 0 , OVERFLOW = 1 , FULL = 1 , EMPTY = 0 , ALMOSTFULL = 0 , ALMOSTEMPTY = 0 , UNDERFLOW = 0
# [EXPECTED] Time : 175 | Outputs : DATA_OUT = x , WR_ACK = 0 , OVERFLOW = 1 , FULL = 1 , EMPTY = 0 , ALMOSTFULL = 0 , ALMOSTEMPTY = 0 , UNDERFLOW = 0
# [PASS] Time: 175 | All outputs matched!
# 
# [TRANSACTION] Time : 185 | Inputs : DATA_IN = 58113 , WR_EN = 1 , RD_EN = 0 RST_N = 1
# [ACTUAL] Time : 185 | Outputs : DATA_OUT = x , WR_ACK = 0 , OVERFLOW = 1 , FULL = 1 , EMPTY = 0 , ALMOSTFULL = 0 , ALMOSTEMPTY = 0 , UNDERFLOW = 0
# [EXPECTED] Time : 185 | Outputs : DATA_OUT = x , WR_ACK = 0 , OVERFLOW = 1 , FULL = 1 , EMPTY = 0 , ALMOSTFULL = 0 , ALMOSTEMPTY = 0 , UNDERFLOW = 0
# [PASS] Time: 185 | All outputs matched!
# 
# [TRANSACTION] Time : 195 | Inputs : DATA_IN = 52493 , WR_EN = 1 , RD_EN = 0 RST_N = 1
# [ACTUAL] Time : 195 | Outputs : DATA_OUT = x , WR_ACK = 0 , OVERFLOW = 1 , FULL = 1 , EMPTY = 0 , ALMOSTFULL = 0 , ALMOSTEMPTY = 0 , UNDERFLOW = 0
# [EXPECTED] Time : 195 | Outputs : DATA_OUT = x , WR_ACK = 0 , OVERFLOW = 1 , FULL = 1 , EMPTY = 0 , ALMOSTFULL = 0 , ALMOSTEMPTY = 0 , UNDERFLOW = 0
# [PASS] Time: 195 | All outputs matched!
# 
# [TRANSACTION] Time : 205 | Inputs : DATA_IN = 61814 , WR_EN = 1 , RD_EN = 0 RST_N = 1
# [ACTUAL] Time : 205 | Outputs : DATA_OUT = x , WR_ACK = 0 , OVERFLOW = 1 , FULL = 1 , EMPTY = 0 , ALMOSTFULL = 0 , ALMOSTEMPTY = 0 , UNDERFLOW = 0
# [EXPECTED] Time : 205 | Outputs : DATA_OUT = x , WR_ACK = 0 , OVERFLOW = 1 , FULL = 1 , EMPTY = 0 , ALMOSTFULL = 0 , ALMOSTEMPTY = 0 , UNDERFLOW = 0
# [PASS] Time: 205 | All outputs matched!
# 
# [TRANSACTION] Time : 215 | Inputs : DATA_IN = 52541 , WR_EN = 1 , RD_EN = 0 RST_N = 1
# [ACTUAL] Time : 215 | Outputs : DATA_OUT = x , WR_ACK = 0 , OVERFLOW = 1 , FULL = 1 , EMPTY = 0 , ALMOSTFULL = 0 , ALMOSTEMPTY = 0 , UNDERFLOW = 0
# [EXPECTED] Time : 215 | Outputs : DATA_OUT = x , WR_ACK = 0 , OVERFLOW = 1 , FULL = 1 , EMPTY = 0 , ALMOSTFULL = 0 , ALMOSTEMPTY = 0 , UNDERFLOW = 0
# [PASS] Time: 215 | All outputs matched!
# 
# 
# --------------- Read Operation ---------------
# 
# [TRANSACTION] Time : 225 | Inputs : DATA_IN = 52541 , WR_EN = 1 , RD_EN = 0 RST_N = 1
# [ACTUAL] Time : 225 | Outputs : DATA_OUT = x , WR_ACK = 0 , OVERFLOW = 1 , FULL = 1 , EMPTY = 0 , ALMOSTFULL = 0 , ALMOSTEMPTY = 0 , UNDERFLOW = 0
# [EXPECTED] Time : 225 | Outputs : DATA_OUT = x , WR_ACK = 0 , OVERFLOW = 1 , FULL = 1 , EMPTY = 0 , ALMOSTFULL = 0 , ALMOSTEMPTY = 0 , UNDERFLOW = 0
# [PASS] Time: 225 | All outputs matched!
# 
# [TRANSACTION] Time : 235 | Inputs : DATA_IN = 0 , WR_EN = 0 , RD_EN = 1 RST_N = 1
# [ACTUAL] Time : 235 | Outputs : DATA_OUT = 0 , WR_ACK = 0 , OVERFLOW = 0 , FULL = 0 , EMPTY = 0 , ALMOSTFULL = 1 , ALMOSTEMPTY = 0 , UNDERFLOW = 0
# [EXPECTED] Time : 235 | Outputs : DATA_OUT = 0 , WR_ACK = 0 , OVERFLOW = 0 , FULL = 0 , EMPTY = 0 , ALMOSTFULL = 1 , ALMOSTEMPTY = 0 , UNDERFLOW = 0
# [PASS] Time: 235 | All outputs matched!
# 
# [TRANSACTION] Time : 245 | Inputs : DATA_IN = 0 , WR_EN = 0 , RD_EN = 1 RST_N = 1
# [ACTUAL] Time : 245 | Outputs : DATA_OUT = 0 , WR_ACK = 0 , OVERFLOW = 0 , FULL = 0 , EMPTY = 0 , ALMOSTFULL = 0 , ALMOSTEMPTY = 0 , UNDERFLOW = 0
# [EXPECTED] Time : 245 | Outputs : DATA_OUT = 0 , WR_ACK = 0 , OVERFLOW = 0 , FULL = 0 , EMPTY = 0 , ALMOSTFULL = 0 , ALMOSTEMPTY = 0 , UNDERFLOW = 0
# [PASS] Time: 245 | All outputs matched!
# 
# [TRANSACTION] Time : 255 | Inputs : DATA_IN = 0 , WR_EN = 0 , RD_EN = 1 RST_N = 1
# [ACTUAL] Time : 255 | Outputs : DATA_OUT = 0 , WR_ACK = 0 , OVERFLOW = 0 , FULL = 0 , EMPTY = 0 , ALMOSTFULL = 0 , ALMOSTEMPTY = 0 , UNDERFLOW = 0
# [EXPECTED] Time : 255 | Outputs : DATA_OUT = 0 , WR_ACK = 0 , OVERFLOW = 0 , FULL = 0 , EMPTY = 0 , ALMOSTFULL = 0 , ALMOSTEMPTY = 0 , UNDERFLOW = 0
# [PASS] Time: 255 | All outputs matched!
# 
# [TRANSACTION] Time : 265 | Inputs : DATA_IN = 0 , WR_EN = 0 , RD_EN = 1 RST_N = 1
# [ACTUAL] Time : 265 | Outputs : DATA_OUT = 0 , WR_ACK = 0 , OVERFLOW = 0 , FULL = 0 , EMPTY = 0 , ALMOSTFULL = 0 , ALMOSTEMPTY = 0 , UNDERFLOW = 0
# [EXPECTED] Time : 265 | Outputs : DATA_OUT = 0 , WR_ACK = 0 , OVERFLOW = 0 , FULL = 0 , EMPTY = 0 , ALMOSTFULL = 0 , ALMOSTEMPTY = 0 , UNDERFLOW = 0
# [PASS] Time: 265 | All outputs matched!
# 
# [TRANSACTION] Time : 275 | Inputs : DATA_IN = 0 , WR_EN = 0 , RD_EN = 1 RST_N = 1
# [ACTUAL] Time : 275 | Outputs : DATA_OUT = 0 , WR_ACK = 0 , OVERFLOW = 0 , FULL = 0 , EMPTY = 0 , ALMOSTFULL = 0 , ALMOSTEMPTY = 0 , UNDERFLOW = 0
# [EXPECTED] Time : 275 | Outputs : DATA_OUT = 0 , WR_ACK = 0 , OVERFLOW = 0 , FULL = 0 , EMPTY = 0 , ALMOSTFULL = 0 , ALMOSTEMPTY = 0 , UNDERFLOW = 0
# [PASS] Time: 275 | All outputs matched!
# 
# [TRANSACTION] Time : 285 | Inputs : DATA_IN = 0 , WR_EN = 0 , RD_EN = 1 RST_N = 1
# [ACTUAL] Time : 285 | Outputs : DATA_OUT = 0 , WR_ACK = 0 , OVERFLOW = 0 , FULL = 0 , EMPTY = 0 , ALMOSTFULL = 0 , ALMOSTEMPTY = 0 , UNDERFLOW = 0
# [EXPECTED] Time : 285 | Outputs : DATA_OUT = 0 , WR_ACK = 0 , OVERFLOW = 0 , FULL = 0 , EMPTY = 0 , ALMOSTFULL = 0 , ALMOSTEMPTY = 0 , UNDERFLOW = 0
# [PASS] Time: 285 | All outputs matched!
# 
# [TRANSACTION] Time : 295 | Inputs : DATA_IN = 0 , WR_EN = 0 , RD_EN = 1 RST_N = 1
# [ACTUAL] Time : 295 | Outputs : DATA_OUT = 0 , WR_ACK = 0 , OVERFLOW = 0 , FULL = 0 , EMPTY = 0 , ALMOSTFULL = 0 , ALMOSTEMPTY = 1 , UNDERFLOW = 0
# [EXPECTED] Time : 295 | Outputs : DATA_OUT = 0 , WR_ACK = 0 , OVERFLOW = 0 , FULL = 0 , EMPTY = 0 , ALMOSTFULL = 0 , ALMOSTEMPTY = 1 , UNDERFLOW = 0
# [PASS] Time: 295 | All outputs matched!
# 
# [TRANSACTION] Time : 305 | Inputs : DATA_IN = 0 , WR_EN = 0 , RD_EN = 1 RST_N = 1
# [ACTUAL] Time : 305 | Outputs : DATA_OUT = 0 , WR_ACK = 0 , OVERFLOW = 0 , FULL = 0 , EMPTY = 1 , ALMOSTFULL = 0 , ALMOSTEMPTY = 0 , UNDERFLOW = 0
# [EXPECTED] Time : 305 | Outputs : DATA_OUT = 0 , WR_ACK = 0 , OVERFLOW = 0 , FULL = 0 , EMPTY = 1 , ALMOSTFULL = 0 , ALMOSTEMPTY = 0 , UNDERFLOW = 0
# [PASS] Time: 305 | All outputs matched!
# 
# 
# --------------- Try to Read ---------------
# 
# [TRANSACTION] Time : 315 | Inputs : DATA_IN = 0 , WR_EN = 0 , RD_EN = 1 RST_N = 1
# [ACTUAL] Time : 315 | Outputs : DATA_OUT = 0 , WR_ACK = 0 , OVERFLOW = 0 , FULL = 0 , EMPTY = 1 , ALMOSTFULL = 0 , ALMOSTEMPTY = 0 , UNDERFLOW = 1
# [EXPECTED] Time : 315 | Outputs : DATA_OUT = 0 , WR_ACK = 0 , OVERFLOW = 0 , FULL = 0 , EMPTY = 1 , ALMOSTFULL = 0 , ALMOSTEMPTY = 0 , UNDERFLOW = 1
# [PASS] Time: 315 | All outputs matched!
# 
# [TRANSACTION] Time : 325 | Inputs : DATA_IN = 0 , WR_EN = 0 , RD_EN = 1 RST_N = 1
# [ACTUAL] Time : 325 | Outputs : DATA_OUT = 0 , WR_ACK = 0 , OVERFLOW = 0 , FULL = 0 , EMPTY = 1 , ALMOSTFULL = 0 , ALMOSTEMPTY = 0 , UNDERFLOW = 1
# [EXPECTED] Time : 325 | Outputs : DATA_OUT = 0 , WR_ACK = 0 , OVERFLOW = 0 , FULL = 0 , EMPTY = 1 , ALMOSTFULL = 0 , ALMOSTEMPTY = 0 , UNDERFLOW = 1
# [PASS] Time: 325 | All outputs matched!
# 
# [TRANSACTION] Time : 335 | Inputs : DATA_IN = 0 , WR_EN = 0 , RD_EN = 1 RST_N = 1
# [ACTUAL] Time : 335 | Outputs : DATA_OUT = 0 , WR_ACK = 0 , OVERFLOW = 0 , FULL = 0 , EMPTY = 1 , ALMOSTFULL = 0 , ALMOSTEMPTY = 0 , UNDERFLOW = 1
# [EXPECTED] Time : 335 | Outputs : DATA_OUT = 0 , WR_ACK = 0 , OVERFLOW = 0 , FULL = 0 , EMPTY = 1 , ALMOSTFULL = 0 , ALMOSTEMPTY = 0 , UNDERFLOW = 1
# [PASS] Time: 335 | All outputs matched!
# 
# [TRANSACTION] Time : 345 | Inputs : DATA_IN = 0 , WR_EN = 0 , RD_EN = 1 RST_N = 1
# [ACTUAL] Time : 345 | Outputs : DATA_OUT = 0 , WR_ACK = 0 , OVERFLOW = 0 , FULL = 0 , EMPTY = 1 , ALMOSTFULL = 0 , ALMOSTEMPTY = 0 , UNDERFLOW = 1
# [EXPECTED] Time : 345 | Outputs : DATA_OUT = 0 , WR_ACK = 0 , OVERFLOW = 0 , FULL = 0 , EMPTY = 1 , ALMOSTFULL = 0 , ALMOSTEMPTY = 0 , UNDERFLOW = 1
# [PASS] Time: 345 | All outputs matched!
# 
# [TRANSACTION] Time : 355 | Inputs : DATA_IN = 0 , WR_EN = 0 , RD_EN = 1 RST_N = 1
# [ACTUAL] Time : 355 | Outputs : DATA_OUT = 0 , WR_ACK = 0 , OVERFLOW = 0 , FULL = 0 , EMPTY = 1 , ALMOSTFULL = 0 , ALMOSTEMPTY = 0 , UNDERFLOW = 1
# [EXPECTED] Time : 355 | Outputs : DATA_OUT = 0 , WR_ACK = 0 , OVERFLOW = 0 , FULL = 0 , EMPTY = 1 , ALMOSTFULL = 0 , ALMOSTEMPTY = 0 , UNDERFLOW = 1
# [PASS] Time: 355 | All outputs matched!
# 
# [TRANSACTION] Time : 365 | Inputs : DATA_IN = 0 , WR_EN = 0 , RD_EN = 1 RST_N = 1
# [ACTUAL] Time : 365 | Outputs : DATA_OUT = 0 , WR_ACK = 0 , OVERFLOW = 0 , FULL = 0 , EMPTY = 1 , ALMOSTFULL = 0 , ALMOSTEMPTY = 0 , UNDERFLOW = 1
# [EXPECTED] Time : 365 | Outputs : DATA_OUT = 0 , WR_ACK = 0 , OVERFLOW = 0 , FULL = 0 , EMPTY = 1 , ALMOSTFULL = 0 , ALMOSTEMPTY = 0 , UNDERFLOW = 1
# [PASS] Time: 365 | All outputs matched!
# 
# [TRANSACTION] Time : 375 | Inputs : DATA_IN = 0 , WR_EN = 0 , RD_EN = 1 RST_N = 1
# [ACTUAL] Time : 375 | Outputs : DATA_OUT = 0 , WR_ACK = 0 , OVERFLOW = 0 , FULL = 0 , EMPTY = 1 , ALMOSTFULL = 0 , ALMOSTEMPTY = 0 , UNDERFLOW = 1
# [EXPECTED] Time : 375 | Outputs : DATA_OUT = 0 , WR_ACK = 0 , OVERFLOW = 0 , FULL = 0 , EMPTY = 1 , ALMOSTFULL = 0 , ALMOSTEMPTY = 0 , UNDERFLOW = 1
# [PASS] Time: 375 | All outputs matched!
# 
# [TRANSACTION] Time : 385 | Inputs : DATA_IN = 0 , WR_EN = 0 , RD_EN = 1 RST_N = 1
# [ACTUAL] Time : 385 | Outputs : DATA_OUT = 0 , WR_ACK = 0 , OVERFLOW = 0 , FULL = 0 , EMPTY = 1 , ALMOSTFULL = 0 , ALMOSTEMPTY = 0 , UNDERFLOW = 1
# [EXPECTED] Time : 385 | Outputs : DATA_OUT = 0 , WR_ACK = 0 , OVERFLOW = 0 , FULL = 0 , EMPTY = 1 , ALMOSTFULL = 0 , ALMOSTEMPTY = 0 , UNDERFLOW = 1
# [PASS] Time: 385 | All outputs matched!
# 
# 
# --------------- Random Test Casses ---------------
# 
# [TRANSACTION] Time : 395 | Inputs : DATA_IN = 0 , WR_EN = 0 , RD_EN = 1 RST_N = 1
# [ACTUAL] Time : 395 | Outputs : DATA_OUT = 0 , WR_ACK = 0 , OVERFLOW = 0 , FULL = 0 , EMPTY = 1 , ALMOSTFULL = 0 , ALMOSTEMPTY = 0 , UNDERFLOW = 1
# [EXPECTED] Time : 395 | Outputs : DATA_OUT = 0 , WR_ACK = 0 , OVERFLOW = 0 , FULL = 0 , EMPTY = 1 , ALMOSTFULL = 0 , ALMOSTEMPTY = 0 , UNDERFLOW = 1
# [PASS] Time: 395 | All outputs matched!
# 
# [TRANSACTION] Time : 405 | Inputs : DATA_IN = 24289 , WR_EN = 0 , RD_EN = 1 RST_N = 1
# [ACTUAL] Time : 405 | Outputs : DATA_OUT = 0 , WR_ACK = 0 , OVERFLOW = 0 , FULL = 0 , EMPTY = 1 , ALMOSTFULL = 0 , ALMOSTEMPTY = 0 , UNDERFLOW = 1
# [EXPECTED] Time : 405 | Outputs : DATA_OUT = 0 , WR_ACK = 0 , OVERFLOW = 0 , FULL = 0 , EMPTY = 1 , ALMOSTFULL = 0 , ALMOSTEMPTY = 0 , UNDERFLOW = 1
# [PASS] Time: 405 | All outputs matched!
# 
# [TRANSACTION] Time : 415 | Inputs : DATA_IN = 35352 , WR_EN = 1 , RD_EN = 1 RST_N = 1
# [ACTUAL] Time : 415 | Outputs : DATA_OUT = 0 , WR_ACK = 1 , OVERFLOW = 0 , FULL = 0 , EMPTY = 0 , ALMOSTFULL = 0 , ALMOSTEMPTY = 1 , UNDERFLOW = 1
# [EXPECTED] Time : 415 | Outputs : DATA_OUT = 0 , WR_ACK = 1 , OVERFLOW = 0 , FULL = 0 , EMPTY = 0 , ALMOSTFULL = 0 , ALMOSTEMPTY = 1 , UNDERFLOW = 1
# [PASS] Time: 415 | All outputs matched!
# 
# [TRANSACTION] Time : 425 | Inputs : DATA_IN = 35418 , WR_EN = 0 , RD_EN = 0 RST_N = 1
# [ACTUAL] Time : 425 | Outputs : DATA_OUT = 0 , WR_ACK = 0 , OVERFLOW = 0 , FULL = 0 , EMPTY = 0 , ALMOSTFULL = 0 , ALMOSTEMPTY = 1 , UNDERFLOW = 0
# [EXPECTED] Time : 425 | Outputs : DATA_OUT = 0 , WR_ACK = 0 , OVERFLOW = 0 , FULL = 0 , EMPTY = 0 , ALMOSTFULL = 0 , ALMOSTEMPTY = 1 , UNDERFLOW = 0
# [PASS] Time: 425 | All outputs matched!
# 
# [TRANSACTION] Time : 435 | Inputs : DATA_IN = 2912 , WR_EN = 0 , RD_EN = 1 RST_N = 1
# [ACTUAL] Time : 435 | Outputs : DATA_OUT = 35352 , WR_ACK = 0 , OVERFLOW = 0 , FULL = 0 , EMPTY = 1 , ALMOSTFULL = 0 , ALMOSTEMPTY = 0 , UNDERFLOW = 0
# [EXPECTED] Time : 435 | Outputs : DATA_OUT = 35352 , WR_ACK = 0 , OVERFLOW = 0 , FULL = 0 , EMPTY = 1 , ALMOSTFULL = 0 , ALMOSTEMPTY = 0 , UNDERFLOW = 0
# [PASS] Time: 435 | All outputs matched!
# 
# [TRANSACTION] Time : 445 | Inputs : DATA_IN = 6627 , WR_EN = 0 , RD_EN = 1 RST_N = 1
# [ACTUAL] Time : 445 | Outputs : DATA_OUT = 35352 , WR_ACK = 0 , OVERFLOW = 0 , FULL = 0 , EMPTY = 1 , ALMOSTFULL = 0 , ALMOSTEMPTY = 0 , UNDERFLOW = 1
# [EXPECTED] Time : 445 | Outputs : DATA_OUT = 35352 , WR_ACK = 0 , OVERFLOW = 0 , FULL = 0 , EMPTY = 1 , ALMOSTFULL = 0 , ALMOSTEMPTY = 0 , UNDERFLOW = 1
# [PASS] Time: 445 | All outputs matched!
# 
# [TRANSACTION] Time : 455 | Inputs : DATA_IN = 33241 , WR_EN = 0 , RD_EN = 0 RST_N = 1
# [ACTUAL] Time : 455 | Outputs : DATA_OUT = 35352 , WR_ACK = 0 , OVERFLOW = 0 , FULL = 0 , EMPTY = 1 , ALMOSTFULL = 0 , ALMOSTEMPTY = 0 , UNDERFLOW = 0
# [EXPECTED] Time : 455 | Outputs : DATA_OUT = 35352 , WR_ACK = 0 , OVERFLOW = 0 , FULL = 0 , EMPTY = 1 , ALMOSTFULL = 0 , ALMOSTEMPTY = 0 , UNDERFLOW = 0
# [PASS] Time: 455 | All outputs matched!
# 
# [TRANSACTION] Time : 465 | Inputs : DATA_IN = 61804 , WR_EN = 1 , RD_EN = 0 RST_N = 1
# [ACTUAL] Time : 465 | Outputs : DATA_OUT = 35352 , WR_ACK = 1 , OVERFLOW = 0 , FULL = 0 , EMPTY = 0 , ALMOSTFULL = 0 , ALMOSTEMPTY = 1 , UNDERFLOW = 0
# [EXPECTED] Time : 465 | Outputs : DATA_OUT = 35352 , WR_ACK = 1 , OVERFLOW = 0 , FULL = 0 , EMPTY = 0 , ALMOSTFULL = 0 , ALMOSTEMPTY = 1 , UNDERFLOW = 0
# [PASS] Time: 465 | All outputs matched!
# 
# [TRANSACTION] Time : 475 | Inputs : DATA_IN = 41891 , WR_EN = 0 , RD_EN = 0 RST_N = 1
# [ACTUAL] Time : 475 | Outputs : DATA_OUT = 35352 , WR_ACK = 0 , OVERFLOW = 0 , FULL = 0 , EMPTY = 0 , ALMOSTFULL = 0 , ALMOSTEMPTY = 1 , UNDERFLOW = 0
# [EXPECTED] Time : 475 | Outputs : DATA_OUT = 35352 , WR_ACK = 0 , OVERFLOW = 0 , FULL = 0 , EMPTY = 0 , ALMOSTFULL = 0 , ALMOSTEMPTY = 1 , UNDERFLOW = 0
# [PASS] Time: 475 | All outputs matched!
# 
# [TRANSACTION] Time : 485 | Inputs : DATA_IN = 52306 , WR_EN = 0 , RD_EN = 1 RST_N = 1
# [ACTUAL] Time : 485 | Outputs : DATA_OUT = 61804 , WR_ACK = 0 , OVERFLOW = 0 , FULL = 0 , EMPTY = 1 , ALMOSTFULL = 0 , ALMOSTEMPTY = 0 , UNDERFLOW = 0
# [EXPECTED] Time : 485 | Outputs : DATA_OUT = 61804 , WR_ACK = 0 , OVERFLOW = 0 , FULL = 0 , EMPTY = 1 , ALMOSTFULL = 0 , ALMOSTEMPTY = 0 , UNDERFLOW = 0
# [PASS] Time: 485 | All outputs matched!
# 
# [TRANSACTION] Time : 495 | Inputs : DATA_IN = 30586 , WR_EN = 1 , RD_EN = 1 RST_N = 1
# [ACTUAL] Time : 495 | Outputs : DATA_OUT = 61804 , WR_ACK = 1 , OVERFLOW = 0 , FULL = 0 , EMPTY = 0 , ALMOSTFULL = 0 , ALMOSTEMPTY = 1 , UNDERFLOW = 1
# [EXPECTED] Time : 495 | Outputs : DATA_OUT = 61804 , WR_ACK = 1 , OVERFLOW = 0 , FULL = 0 , EMPTY = 0 , ALMOSTFULL = 0 , ALMOSTEMPTY = 1 , UNDERFLOW = 1
# [PASS] Time: 495 | All outputs matched!
# 
# [TRANSACTION] Time : 505 | Inputs : DATA_IN = 50416 , WR_EN = 0 , RD_EN = 0 RST_N = 1
# [ACTUAL] Time : 505 | Outputs : DATA_OUT = 61804 , WR_ACK = 0 , OVERFLOW = 0 , FULL = 0 , EMPTY = 0 , ALMOSTFULL = 0 , ALMOSTEMPTY = 1 , UNDERFLOW = 0
# [EXPECTED] Time : 505 | Outputs : DATA_OUT = 61804 , WR_ACK = 0 , OVERFLOW = 0 , FULL = 0 , EMPTY = 0 , ALMOSTFULL = 0 , ALMOSTEMPTY = 1 , UNDERFLOW = 0
# [PASS] Time: 505 | All outputs matched!
# 
# [TRANSACTION] Time : 515 | Inputs : DATA_IN = 625 , WR_EN = 1 , RD_EN = 1 RST_N = 1
# [ACTUAL] Time : 515 | Outputs : DATA_OUT = 30586 , WR_ACK = 1 , OVERFLOW = 0 , FULL = 0 , EMPTY = 0 , ALMOSTFULL = 0 , ALMOSTEMPTY = 1 , UNDERFLOW = 0
# [EXPECTED] Time : 515 | Outputs : DATA_OUT = 30586 , WR_ACK = 1 , OVERFLOW = 0 , FULL = 0 , EMPTY = 0 , ALMOSTFULL = 0 , ALMOSTEMPTY = 1 , UNDERFLOW = 0
# [PASS] Time: 515 | All outputs matched!
# 
# [TRANSACTION] Time : 525 | Inputs : DATA_IN = 23612 , WR_EN = 0 , RD_EN = 1 RST_N = 1
# [ACTUAL] Time : 525 | Outputs : DATA_OUT = 625 , WR_ACK = 0 , OVERFLOW = 0 , FULL = 0 , EMPTY = 1 , ALMOSTFULL = 0 , ALMOSTEMPTY = 0 , UNDERFLOW = 0
# [EXPECTED] Time : 525 | Outputs : DATA_OUT = 625 , WR_ACK = 0 , OVERFLOW = 0 , FULL = 0 , EMPTY = 1 , ALMOSTFULL = 0 , ALMOSTEMPTY = 0 , UNDERFLOW = 0
# [PASS] Time: 525 | All outputs matched!
# 
# [TRANSACTION] Time : 535 | Inputs : DATA_IN = 1489 , WR_EN = 0 , RD_EN = 1 RST_N = 1
# [ACTUAL] Time : 535 | Outputs : DATA_OUT = 625 , WR_ACK = 0 , OVERFLOW = 0 , FULL = 0 , EMPTY = 1 , ALMOSTFULL = 0 , ALMOSTEMPTY = 0 , UNDERFLOW = 1
# [EXPECTED] Time : 535 | Outputs : DATA_OUT = 625 , WR_ACK = 0 , OVERFLOW = 0 , FULL = 0 , EMPTY = 1 , ALMOSTFULL = 0 , ALMOSTEMPTY = 0 , UNDERFLOW = 1
# [PASS] Time: 535 | All outputs matched!
# 
# [TRANSACTION] Time : 545 | Inputs : DATA_IN = 39959 , WR_EN = 0 , RD_EN = 0 RST_N = 1
# [ACTUAL] Time : 545 | Outputs : DATA_OUT = 625 , WR_ACK = 0 , OVERFLOW = 0 , FULL = 0 , EMPTY = 1 , ALMOSTFULL = 0 , ALMOSTEMPTY = 0 , UNDERFLOW = 0
# [EXPECTED] Time : 545 | Outputs : DATA_OUT = 625 , WR_ACK = 0 , OVERFLOW = 0 , FULL = 0 , EMPTY = 1 , ALMOSTFULL = 0 , ALMOSTEMPTY = 0 , UNDERFLOW = 0
# [PASS] Time: 545 | All outputs matched!
# 
# [TRANSACTION] Time : 555 | Inputs : DATA_IN = 29204 , WR_EN = 1 , RD_EN = 0 RST_N = 1
# [ACTUAL] Time : 555 | Outputs : DATA_OUT = 625 , WR_ACK = 1 , OVERFLOW = 0 , FULL = 0 , EMPTY = 0 , ALMOSTFULL = 0 , ALMOSTEMPTY = 1 , UNDERFLOW = 0
# [EXPECTED] Time : 555 | Outputs : DATA_OUT = 625 , WR_ACK = 1 , OVERFLOW = 0 , FULL = 0 , EMPTY = 0 , ALMOSTFULL = 0 , ALMOSTEMPTY = 1 , UNDERFLOW = 0
# [PASS] Time: 555 | All outputs matched!
# 
# [TRANSACTION] Time : 565 | Inputs : DATA_IN = 8319 , WR_EN = 0 , RD_EN = 1 RST_N = 1
# [ACTUAL] Time : 565 | Outputs : DATA_OUT = 29204 , WR_ACK = 0 , OVERFLOW = 0 , FULL = 0 , EMPTY = 1 , ALMOSTFULL = 0 , ALMOSTEMPTY = 0 , UNDERFLOW = 0
# [EXPECTED] Time : 565 | Outputs : DATA_OUT = 29204 , WR_ACK = 0 , OVERFLOW = 0 , FULL = 0 , EMPTY = 1 , ALMOSTFULL = 0 , ALMOSTEMPTY = 0 , UNDERFLOW = 0
# [PASS] Time: 565 | All outputs matched!
# 
# [TRANSACTION] Time : 575 | Inputs : DATA_IN = 58775 , WR_EN = 0 , RD_EN = 0 RST_N = 1
# [ACTUAL] Time : 575 | Outputs : DATA_OUT = 29204 , WR_ACK = 0 , OVERFLOW = 0 , FULL = 0 , EMPTY = 1 , ALMOSTFULL = 0 , ALMOSTEMPTY = 0 , UNDERFLOW = 0
# [EXPECTED] Time : 575 | Outputs : DATA_OUT = 29204 , WR_ACK = 0 , OVERFLOW = 0 , FULL = 0 , EMPTY = 1 , ALMOSTFULL = 0 , ALMOSTEMPTY = 0 , UNDERFLOW = 0
# [PASS] Time: 575 | All outputs matched!
# 
# [TRANSACTION] Time : 585 | Inputs : DATA_IN = 53121 , WR_EN = 0 , RD_EN = 1 RST_N = 1
# [ACTUAL] Time : 585 | Outputs : DATA_OUT = 29204 , WR_ACK = 0 , OVERFLOW = 0 , FULL = 0 , EMPTY = 1 , ALMOSTFULL = 0 , ALMOSTEMPTY = 0 , UNDERFLOW = 1
# [EXPECTED] Time : 585 | Outputs : DATA_OUT = 29204 , WR_ACK = 0 , OVERFLOW = 0 , FULL = 0 , EMPTY = 1 , ALMOSTFULL = 0 , ALMOSTEMPTY = 0 , UNDERFLOW = 1
# [PASS] Time: 585 | All outputs matched!
# 
# [TRANSACTION] Time : 595 | Inputs : DATA_IN = 41463 , WR_EN = 1 , RD_EN = 0 RST_N = 1
# [ACTUAL] Time : 595 | Outputs : DATA_OUT = 29204 , WR_ACK = 1 , OVERFLOW = 0 , FULL = 0 , EMPTY = 0 , ALMOSTFULL = 0 , ALMOSTEMPTY = 1 , UNDERFLOW = 0
# [EXPECTED] Time : 595 | Outputs : DATA_OUT = 29204 , WR_ACK = 1 , OVERFLOW = 0 , FULL = 0 , EMPTY = 0 , ALMOSTFULL = 0 , ALMOSTEMPTY = 1 , UNDERFLOW = 0
# [PASS] Time: 595 | All outputs matched!
# 
# [TRANSACTION] Time : 605 | Inputs : DATA_IN = 55417 , WR_EN = 1 , RD_EN = 0 RST_N = 1
# [ACTUAL] Time : 605 | Outputs : DATA_OUT = 29204 , WR_ACK = 1 , OVERFLOW = 0 , FULL = 0 , EMPTY = 0 , ALMOSTFULL = 0 , ALMOSTEMPTY = 0 , UNDERFLOW = 0
# [EXPECTED] Time : 605 | Outputs : DATA_OUT = 29204 , WR_ACK = 1 , OVERFLOW = 0 , FULL = 0 , EMPTY = 0 , ALMOSTFULL = 0 , ALMOSTEMPTY = 0 , UNDERFLOW = 0
# [PASS] Time: 605 | All outputs matched!
# 
# [TRANSACTION] Time : 615 | Inputs : DATA_IN = 10876 , WR_EN = 0 , RD_EN = 1 RST_N = 1
# [ACTUAL] Time : 615 | Outputs : DATA_OUT = 41463 , WR_ACK = 0 , OVERFLOW = 0 , FULL = 0 , EMPTY = 0 , ALMOSTFULL = 0 , ALMOSTEMPTY = 1 , UNDERFLOW = 0
# [EXPECTED] Time : 615 | Outputs : DATA_OUT = 41463 , WR_ACK = 0 , OVERFLOW = 0 , FULL = 0 , EMPTY = 0 , ALMOSTFULL = 0 , ALMOSTEMPTY = 1 , UNDERFLOW = 0
# [PASS] Time: 615 | All outputs matched!
# 
# [TRANSACTION] Time : 625 | Inputs : DATA_IN = 57059 , WR_EN = 1 , RD_EN = 0 RST_N = 1
# [ACTUAL] Time : 625 | Outputs : DATA_OUT = 41463 , WR_ACK = 1 , OVERFLOW = 0 , FULL = 0 , EMPTY = 0 , ALMOSTFULL = 0 , ALMOSTEMPTY = 0 , UNDERFLOW = 0
# [EXPECTED] Time : 625 | Outputs : DATA_OUT = 41463 , WR_ACK = 1 , OVERFLOW = 0 , FULL = 0 , EMPTY = 0 , ALMOSTFULL = 0 , ALMOSTEMPTY = 0 , UNDERFLOW = 0
# [PASS] Time: 625 | All outputs matched!
# 
# [TRANSACTION] Time : 635 | Inputs : DATA_IN = 41572 , WR_EN = 1 , RD_EN = 0 RST_N = 1
# [ACTUAL] Time : 635 | Outputs : DATA_OUT = 41463 , WR_ACK = 1 , OVERFLOW = 0 , FULL = 0 , EMPTY = 0 , ALMOSTFULL = 0 , ALMOSTEMPTY = 0 , UNDERFLOW = 0
# [EXPECTED] Time : 635 | Outputs : DATA_OUT = 41463 , WR_ACK = 1 , OVERFLOW = 0 , FULL = 0 , EMPTY = 0 , ALMOSTFULL = 0 , ALMOSTEMPTY = 0 , UNDERFLOW = 0
# [PASS] Time: 635 | All outputs matched!
# 
# [TRANSACTION] Time : 645 | Inputs : DATA_IN = 8017 , WR_EN = 1 , RD_EN = 1 RST_N = 1
# [ACTUAL] Time : 645 | Outputs : DATA_OUT = 55417 , WR_ACK = 1 , OVERFLOW = 0 , FULL = 0 , EMPTY = 0 , ALMOSTFULL = 0 , ALMOSTEMPTY = 0 , UNDERFLOW = 0
# [EXPECTED] Time : 645 | Outputs : DATA_OUT = 55417 , WR_ACK = 1 , OVERFLOW = 0 , FULL = 0 , EMPTY = 0 , ALMOSTFULL = 0 , ALMOSTEMPTY = 0 , UNDERFLOW = 0
# [PASS] Time: 645 | All outputs matched!
# 
# [TRANSACTION] Time : 655 | Inputs : DATA_IN = 13909 , WR_EN = 0 , RD_EN = 0 RST_N = 1
# [ACTUAL] Time : 655 | Outputs : DATA_OUT = 55417 , WR_ACK = 0 , OVERFLOW = 0 , FULL = 0 , EMPTY = 0 , ALMOSTFULL = 0 , ALMOSTEMPTY = 0 , UNDERFLOW = 0
# [EXPECTED] Time : 655 | Outputs : DATA_OUT = 55417 , WR_ACK = 0 , OVERFLOW = 0 , FULL = 0 , EMPTY = 0 , ALMOSTFULL = 0 , ALMOSTEMPTY = 0 , UNDERFLOW = 0
# [PASS] Time: 655 | All outputs matched!
# 
# [TRANSACTION] Time : 665 | Inputs : DATA_IN = 25576 , WR_EN = 1 , RD_EN = 1 RST_N = 1
# [ACTUAL] Time : 665 | Outputs : DATA_OUT = 57059 , WR_ACK = 1 , OVERFLOW = 0 , FULL = 0 , EMPTY = 0 , ALMOSTFULL = 0 , ALMOSTEMPTY = 0 , UNDERFLOW = 0
# [EXPECTED] Time : 665 | Outputs : DATA_OUT = 57059 , WR_ACK = 1 , OVERFLOW = 0 , FULL = 0 , EMPTY = 0 , ALMOSTFULL = 0 , ALMOSTEMPTY = 0 , UNDERFLOW = 0
# [PASS] Time: 665 | All outputs matched!
# 
# [TRANSACTION] Time : 675 | Inputs : DATA_IN = 3087 , WR_EN = 1 , RD_EN = 0 RST_N = 1
# [ACTUAL] Time : 675 | Outputs : DATA_OUT = 57059 , WR_ACK = 1 , OVERFLOW = 0 , FULL = 0 , EMPTY = 0 , ALMOSTFULL = 0 , ALMOSTEMPTY = 0 , UNDERFLOW = 0
# [EXPECTED] Time : 675 | Outputs : DATA_OUT = 57059 , WR_ACK = 1 , OVERFLOW = 0 , FULL = 0 , EMPTY = 0 , ALMOSTFULL = 0 , ALMOSTEMPTY = 0 , UNDERFLOW = 0
# [PASS] Time: 675 | All outputs matched!
# 
# [TRANSACTION] Time : 685 | Inputs : DATA_IN = 49053 , WR_EN = 1 , RD_EN = 1 RST_N = 1
# [ACTUAL] Time : 685 | Outputs : DATA_OUT = 41572 , WR_ACK = 1 , OVERFLOW = 0 , FULL = 0 , EMPTY = 0 , ALMOSTFULL = 0 , ALMOSTEMPTY = 0 , UNDERFLOW = 0
# [EXPECTED] Time : 685 | Outputs : DATA_OUT = 41572 , WR_ACK = 1 , OVERFLOW = 0 , FULL = 0 , EMPTY = 0 , ALMOSTFULL = 0 , ALMOSTEMPTY = 0 , UNDERFLOW = 0
# [PASS] Time: 685 | All outputs matched!
# 
# [TRANSACTION] Time : 695 | Inputs : DATA_IN = 33927 , WR_EN = 1 , RD_EN = 1 RST_N = 1
# [ACTUAL] Time : 695 | Outputs : DATA_OUT = 8017 , WR_ACK = 1 , OVERFLOW = 0 , FULL = 0 , EMPTY = 0 , ALMOSTFULL = 0 , ALMOSTEMPTY = 0 , UNDERFLOW = 0
# [EXPECTED] Time : 695 | Outputs : DATA_OUT = 8017 , WR_ACK = 1 , OVERFLOW = 0 , FULL = 0 , EMPTY = 0 , ALMOSTFULL = 0 , ALMOSTEMPTY = 0 , UNDERFLOW = 0
# [PASS] Time: 695 | All outputs matched!
# 
# [TRANSACTION] Time : 705 | Inputs : DATA_IN = 64091 , WR_EN = 0 , RD_EN = 1 RST_N = 1
# [ACTUAL] Time : 705 | Outputs : DATA_OUT = 25576 , WR_ACK = 0 , OVERFLOW = 0 , FULL = 0 , EMPTY = 0 , ALMOSTFULL = 0 , ALMOSTEMPTY = 0 , UNDERFLOW = 0
# [EXPECTED] Time : 705 | Outputs : DATA_OUT = 25576 , WR_ACK = 0 , OVERFLOW = 0 , FULL = 0 , EMPTY = 0 , ALMOSTFULL = 0 , ALMOSTEMPTY = 0 , UNDERFLOW = 0
# [PASS] Time: 705 | All outputs matched!
# 
# [TRANSACTION] Time : 715 | Inputs : DATA_IN = 41115 , WR_EN = 0 , RD_EN = 0 RST_N = 1
# [ACTUAL] Time : 715 | Outputs : DATA_OUT = 25576 , WR_ACK = 0 , OVERFLOW = 0 , FULL = 0 , EMPTY = 0 , ALMOSTFULL = 0 , ALMOSTEMPTY = 0 , UNDERFLOW = 0
# [EXPECTED] Time : 715 | Outputs : DATA_OUT = 25576 , WR_ACK = 0 , OVERFLOW = 0 , FULL = 0 , EMPTY = 0 , ALMOSTFULL = 0 , ALMOSTEMPTY = 0 , UNDERFLOW = 0
# [PASS] Time: 715 | All outputs matched!
# 
# [TRANSACTION] Time : 725 | Inputs : DATA_IN = 18327 , WR_EN = 1 , RD_EN = 0 RST_N = 1
# [ACTUAL] Time : 725 | Outputs : DATA_OUT = 25576 , WR_ACK = 1 , OVERFLOW = 0 , FULL = 0 , EMPTY = 0 , ALMOSTFULL = 0 , ALMOSTEMPTY = 0 , UNDERFLOW = 0
# [EXPECTED] Time : 725 | Outputs : DATA_OUT = 25576 , WR_ACK = 1 , OVERFLOW = 0 , FULL = 0 , EMPTY = 0 , ALMOSTFULL = 0 , ALMOSTEMPTY = 0 , UNDERFLOW = 0
# [PASS] Time: 725 | All outputs matched!
# 
# [TRANSACTION] Time : 735 | Inputs : DATA_IN = 28548 , WR_EN = 1 , RD_EN = 1 RST_N = 1
# [ACTUAL] Time : 735 | Outputs : DATA_OUT = 3087 , WR_ACK = 1 , OVERFLOW = 0 , FULL = 0 , EMPTY = 0 , ALMOSTFULL = 0 , ALMOSTEMPTY = 0 , UNDERFLOW = 0
# [EXPECTED] Time : 735 | Outputs : DATA_OUT = 3087 , WR_ACK = 1 , OVERFLOW = 0 , FULL = 0 , EMPTY = 0 , ALMOSTFULL = 0 , ALMOSTEMPTY = 0 , UNDERFLOW = 0
# [PASS] Time: 735 | All outputs matched!
# 
# [TRANSACTION] Time : 745 | Inputs : DATA_IN = 51090 , WR_EN = 0 , RD_EN = 1 RST_N = 1
# [ACTUAL] Time : 745 | Outputs : DATA_OUT = 49053 , WR_ACK = 0 , OVERFLOW = 0 , FULL = 0 , EMPTY = 0 , ALMOSTFULL = 0 , ALMOSTEMPTY = 0 , UNDERFLOW = 0
# [EXPECTED] Time : 745 | Outputs : DATA_OUT = 49053 , WR_ACK = 0 , OVERFLOW = 0 , FULL = 0 , EMPTY = 0 , ALMOSTFULL = 0 , ALMOSTEMPTY = 0 , UNDERFLOW = 0
# [PASS] Time: 745 | All outputs matched!
# 
# [TRANSACTION] Time : 755 | Inputs : DATA_IN = 29932 , WR_EN = 1 , RD_EN = 0 RST_N = 1
# [ACTUAL] Time : 755 | Outputs : DATA_OUT = 49053 , WR_ACK = 1 , OVERFLOW = 0 , FULL = 0 , EMPTY = 0 , ALMOSTFULL = 0 , ALMOSTEMPTY = 0 , UNDERFLOW = 0
# [EXPECTED] Time : 755 | Outputs : DATA_OUT = 49053 , WR_ACK = 1 , OVERFLOW = 0 , FULL = 0 , EMPTY = 0 , ALMOSTFULL = 0 , ALMOSTEMPTY = 0 , UNDERFLOW = 0
# [PASS] Time: 755 | All outputs matched!
# 
# [TRANSACTION] Time : 765 | Inputs : DATA_IN = 14056 , WR_EN = 0 , RD_EN = 0 RST_N = 1
# [ACTUAL] Time : 765 | Outputs : DATA_OUT = 49053 , WR_ACK = 0 , OVERFLOW = 0 , FULL = 0 , EMPTY = 0 , ALMOSTFULL = 0 , ALMOSTEMPTY = 0 , UNDERFLOW = 0
# [EXPECTED] Time : 765 | Outputs : DATA_OUT = 49053 , WR_ACK = 0 , OVERFLOW = 0 , FULL = 0 , EMPTY = 0 , ALMOSTFULL = 0 , ALMOSTEMPTY = 0 , UNDERFLOW = 0
# [PASS] Time: 765 | All outputs matched!
# 
# [TRANSACTION] Time : 775 | Inputs : DATA_IN = 6574 , WR_EN = 1 , RD_EN = 1 RST_N = 1
# [ACTUAL] Time : 775 | Outputs : DATA_OUT = 33927 , WR_ACK = 1 , OVERFLOW = 0 , FULL = 0 , EMPTY = 0 , ALMOSTFULL = 0 , ALMOSTEMPTY = 0 , UNDERFLOW = 0
# [EXPECTED] Time : 775 | Outputs : DATA_OUT = 33927 , WR_ACK = 1 , OVERFLOW = 0 , FULL = 0 , EMPTY = 0 , ALMOSTFULL = 0 , ALMOSTEMPTY = 0 , UNDERFLOW = 0
# [PASS] Time: 775 | All outputs matched!
# 
# [TRANSACTION] Time : 785 | Inputs : DATA_IN = 65135 , WR_EN = 1 , RD_EN = 1 RST_N = 1
# [ACTUAL] Time : 785 | Outputs : DATA_OUT = 18327 , WR_ACK = 1 , OVERFLOW = 0 , FULL = 0 , EMPTY = 0 , ALMOSTFULL = 0 , ALMOSTEMPTY = 0 , UNDERFLOW = 0
# [EXPECTED] Time : 785 | Outputs : DATA_OUT = 18327 , WR_ACK = 1 , OVERFLOW = 0 , FULL = 0 , EMPTY = 0 , ALMOSTFULL = 0 , ALMOSTEMPTY = 0 , UNDERFLOW = 0
# [PASS] Time: 785 | All outputs matched!
# 
# [TRANSACTION] Time : 795 | Inputs : DATA_IN = 18210 , WR_EN = 1 , RD_EN = 1 RST_N = 1
# [ACTUAL] Time : 795 | Outputs : DATA_OUT = 28548 , WR_ACK = 1 , OVERFLOW = 0 , FULL = 0 , EMPTY = 0 , ALMOSTFULL = 0 , ALMOSTEMPTY = 0 , UNDERFLOW = 0
# [EXPECTED] Time : 795 | Outputs : DATA_OUT = 28548 , WR_ACK = 1 , OVERFLOW = 0 , FULL = 0 , EMPTY = 0 , ALMOSTFULL = 0 , ALMOSTEMPTY = 0 , UNDERFLOW = 0
# [PASS] Time: 795 | All outputs matched!
# 
# [TRANSACTION] Time : 805 | Inputs : DATA_IN = 53765 , WR_EN = 1 , RD_EN = 0 RST_N = 1
# [ACTUAL] Time : 805 | Outputs : DATA_OUT = 28548 , WR_ACK = 1 , OVERFLOW = 0 , FULL = 0 , EMPTY = 0 , ALMOSTFULL = 0 , ALMOSTEMPTY = 0 , UNDERFLOW = 0
# [EXPECTED] Time : 805 | Outputs : DATA_OUT = 28548 , WR_ACK = 1 , OVERFLOW = 0 , FULL = 0 , EMPTY = 0 , ALMOSTFULL = 0 , ALMOSTEMPTY = 0 , UNDERFLOW = 0
# [PASS] Time: 805 | All outputs matched!
# 
# [TRANSACTION] Time : 815 | Inputs : DATA_IN = 9469 , WR_EN = 1 , RD_EN = 0 RST_N = 1
# [ACTUAL] Time : 815 | Outputs : DATA_OUT = 28548 , WR_ACK = 1 , OVERFLOW = 0 , FULL = 0 , EMPTY = 0 , ALMOSTFULL = 0 , ALMOSTEMPTY = 0 , UNDERFLOW = 0
# [EXPECTED] Time : 815 | Outputs : DATA_OUT = 28548 , WR_ACK = 1 , OVERFLOW = 0 , FULL = 0 , EMPTY = 0 , ALMOSTFULL = 0 , ALMOSTEMPTY = 0 , UNDERFLOW = 0
# [PASS] Time: 815 | All outputs matched!
# 
# [TRANSACTION] Time : 825 | Inputs : DATA_IN = 21240 , WR_EN = 1 , RD_EN = 1 RST_N = 1
# [ACTUAL] Time : 825 | Outputs : DATA_OUT = 29932 , WR_ACK = 1 , OVERFLOW = 0 , FULL = 0 , EMPTY = 0 , ALMOSTFULL = 0 , ALMOSTEMPTY = 0 , UNDERFLOW = 0
# [EXPECTED] Time : 825 | Outputs : DATA_OUT = 29932 , WR_ACK = 1 , OVERFLOW = 0 , FULL = 0 , EMPTY = 0 , ALMOSTFULL = 0 , ALMOSTEMPTY = 0 , UNDERFLOW = 0
# [PASS] Time: 825 | All outputs matched!
# 
# [TRANSACTION] Time : 835 | Inputs : DATA_IN = 60175 , WR_EN = 0 , RD_EN = 1 RST_N = 1
# [ACTUAL] Time : 835 | Outputs : DATA_OUT = 6574 , WR_ACK = 0 , OVERFLOW = 0 , FULL = 0 , EMPTY = 0 , ALMOSTFULL = 0 , ALMOSTEMPTY = 0 , UNDERFLOW = 0
# [EXPECTED] Time : 835 | Outputs : DATA_OUT = 6574 , WR_ACK = 0 , OVERFLOW = 0 , FULL = 0 , EMPTY = 0 , ALMOSTFULL = 0 , ALMOSTEMPTY = 0 , UNDERFLOW = 0
# [PASS] Time: 835 | All outputs matched!
# 
# [TRANSACTION] Time : 845 | Inputs : DATA_IN = 38108 , WR_EN = 1 , RD_EN = 0 RST_N = 1
# [ACTUAL] Time : 845 | Outputs : DATA_OUT = 6574 , WR_ACK = 1 , OVERFLOW = 0 , FULL = 0 , EMPTY = 0 , ALMOSTFULL = 0 , ALMOSTEMPTY = 0 , UNDERFLOW = 0
# [EXPECTED] Time : 845 | Outputs : DATA_OUT = 6574 , WR_ACK = 1 , OVERFLOW = 0 , FULL = 0 , EMPTY = 0 , ALMOSTFULL = 0 , ALMOSTEMPTY = 0 , UNDERFLOW = 0
# [PASS] Time: 845 | All outputs matched!
# 
# [TRANSACTION] Time : 855 | Inputs : DATA_IN = 40300 , WR_EN = 1 , RD_EN = 1 RST_N = 1
# [ACTUAL] Time : 855 | Outputs : DATA_OUT = 65135 , WR_ACK = 1 , OVERFLOW = 0 , FULL = 0 , EMPTY = 0 , ALMOSTFULL = 0 , ALMOSTEMPTY = 0 , UNDERFLOW = 0
# [EXPECTED] Time : 855 | Outputs : DATA_OUT = 65135 , WR_ACK = 1 , OVERFLOW = 0 , FULL = 0 , EMPTY = 0 , ALMOSTFULL = 0 , ALMOSTEMPTY = 0 , UNDERFLOW = 0
# [PASS] Time: 855 | All outputs matched!
# 
# [TRANSACTION] Time : 865 | Inputs : DATA_IN = 36183 , WR_EN = 1 , RD_EN = 1 RST_N = 1
# [ACTUAL] Time : 865 | Outputs : DATA_OUT = 18210 , WR_ACK = 1 , OVERFLOW = 0 , FULL = 0 , EMPTY = 0 , ALMOSTFULL = 0 , ALMOSTEMPTY = 0 , UNDERFLOW = 0
# [EXPECTED] Time : 865 | Outputs : DATA_OUT = 18210 , WR_ACK = 1 , OVERFLOW = 0 , FULL = 0 , EMPTY = 0 , ALMOSTFULL = 0 , ALMOSTEMPTY = 0 , UNDERFLOW = 0
# [PASS] Time: 865 | All outputs matched!
# 
# [TRANSACTION] Time : 875 | Inputs : DATA_IN = 34727 , WR_EN = 0 , RD_EN = 1 RST_N = 1
# [ACTUAL] Time : 875 | Outputs : DATA_OUT = 53765 , WR_ACK = 0 , OVERFLOW = 0 , FULL = 0 , EMPTY = 0 , ALMOSTFULL = 0 , ALMOSTEMPTY = 0 , UNDERFLOW = 0
# [EXPECTED] Time : 875 | Outputs : DATA_OUT = 53765 , WR_ACK = 0 , OVERFLOW = 0 , FULL = 0 , EMPTY = 0 , ALMOSTFULL = 0 , ALMOSTEMPTY = 0 , UNDERFLOW = 0
# [PASS] Time: 875 | All outputs matched!
# 
# [TRANSACTION] Time : 885 | Inputs : DATA_IN = 8836 , WR_EN = 1 , RD_EN = 1 RST_N = 1
# [ACTUAL] Time : 885 | Outputs : DATA_OUT = 9469 , WR_ACK = 1 , OVERFLOW = 0 , FULL = 0 , EMPTY = 0 , ALMOSTFULL = 0 , ALMOSTEMPTY = 0 , UNDERFLOW = 0
# [EXPECTED] Time : 885 | Outputs : DATA_OUT = 9469 , WR_ACK = 1 , OVERFLOW = 0 , FULL = 0 , EMPTY = 0 , ALMOSTFULL = 0 , ALMOSTEMPTY = 0 , UNDERFLOW = 0
# [PASS] Time: 885 | All outputs matched!
# 
# [TRANSACTION] Time : 895 | Inputs : DATA_IN = 26381 , WR_EN = 1 , RD_EN = 1 RST_N = 1
# [ACTUAL] Time : 895 | Outputs : DATA_OUT = 21240 , WR_ACK = 1 , OVERFLOW = 0 , FULL = 0 , EMPTY = 0 , ALMOSTFULL = 0 , ALMOSTEMPTY = 0 , UNDERFLOW = 0
# [EXPECTED] Time : 895 | Outputs : DATA_OUT = 21240 , WR_ACK = 1 , OVERFLOW = 0 , FULL = 0 , EMPTY = 0 , ALMOSTFULL = 0 , ALMOSTEMPTY = 0 , UNDERFLOW = 0
# [PASS] Time: 895 | All outputs matched!
# 
# [TRANSACTION] Time : 905 | Inputs : DATA_IN = 40479 , WR_EN = 0 , RD_EN = 0 RST_N = 1
# [ACTUAL] Time : 905 | Outputs : DATA_OUT = 21240 , WR_ACK = 0 , OVERFLOW = 0 , FULL = 0 , EMPTY = 0 , ALMOSTFULL = 0 , ALMOSTEMPTY = 0 , UNDERFLOW = 0
# [EXPECTED] Time : 905 | Outputs : DATA_OUT = 21240 , WR_ACK = 0 , OVERFLOW = 0 , FULL = 0 , EMPTY = 0 , ALMOSTFULL = 0 , ALMOSTEMPTY = 0 , UNDERFLOW = 0
# [PASS] Time: 905 | All outputs matched!
# 
# [TRANSACTION] Time : 915 | Inputs : DATA_IN = 41500 , WR_EN = 1 , RD_EN = 0 RST_N = 1
# [ACTUAL] Time : 915 | Outputs : DATA_OUT = 21240 , WR_ACK = 1 , OVERFLOW = 0 , FULL = 0 , EMPTY = 0 , ALMOSTFULL = 0 , ALMOSTEMPTY = 0 , UNDERFLOW = 0
# [EXPECTED] Time : 915 | Outputs : DATA_OUT = 21240 , WR_ACK = 1 , OVERFLOW = 0 , FULL = 0 , EMPTY = 0 , ALMOSTFULL = 0 , ALMOSTEMPTY = 0 , UNDERFLOW = 0
# [PASS] Time: 915 | All outputs matched!
# 
# [TRANSACTION] Time : 925 | Inputs : DATA_IN = 5655 , WR_EN = 1 , RD_EN = 0 RST_N = 1
# [ACTUAL] Time : 925 | Outputs : DATA_OUT = 21240 , WR_ACK = 1 , OVERFLOW = 0 , FULL = 0 , EMPTY = 0 , ALMOSTFULL = 1 , ALMOSTEMPTY = 0 , UNDERFLOW = 0
# [EXPECTED] Time : 925 | Outputs : DATA_OUT = 21240 , WR_ACK = 1 , OVERFLOW = 0 , FULL = 0 , EMPTY = 0 , ALMOSTFULL = 1 , ALMOSTEMPTY = 0 , UNDERFLOW = 0
# [PASS] Time: 925 | All outputs matched!
# 
# [TRANSACTION] Time : 935 | Inputs : DATA_IN = 43769 , WR_EN = 1 , RD_EN = 1 RST_N = 1
# [ACTUAL] Time : 935 | Outputs : DATA_OUT = 38108 , WR_ACK = 1 , OVERFLOW = 0 , FULL = 0 , EMPTY = 0 , ALMOSTFULL = 1 , ALMOSTEMPTY = 0 , UNDERFLOW = 0
# [EXPECTED] Time : 935 | Outputs : DATA_OUT = 38108 , WR_ACK = 1 , OVERFLOW = 0 , FULL = 0 , EMPTY = 0 , ALMOSTFULL = 1 , ALMOSTEMPTY = 0 , UNDERFLOW = 0
# [PASS] Time: 935 | All outputs matched!
# 
# [TRANSACTION] Time : 945 | Inputs : DATA_IN = 47035 , WR_EN = 0 , RD_EN = 0 RST_N = 1
# [ACTUAL] Time : 945 | Outputs : DATA_OUT = 38108 , WR_ACK = 0 , OVERFLOW = 0 , FULL = 0 , EMPTY = 0 , ALMOSTFULL = 1 , ALMOSTEMPTY = 0 , UNDERFLOW = 0
# [EXPECTED] Time : 945 | Outputs : DATA_OUT = 38108 , WR_ACK = 0 , OVERFLOW = 0 , FULL = 0 , EMPTY = 0 , ALMOSTFULL = 1 , ALMOSTEMPTY = 0 , UNDERFLOW = 0
# [PASS] Time: 945 | All outputs matched!
# 
# [TRANSACTION] Time : 955 | Inputs : DATA_IN = 31807 , WR_EN = 1 , RD_EN = 0 RST_N = 1
# [ACTUAL] Time : 955 | Outputs : DATA_OUT = 38108 , WR_ACK = 1 , OVERFLOW = 0 , FULL = 1 , EMPTY = 0 , ALMOSTFULL = 0 , ALMOSTEMPTY = 0 , UNDERFLOW = 0
# [EXPECTED] Time : 955 | Outputs : DATA_OUT = 38108 , WR_ACK = 1 , OVERFLOW = 0 , FULL = 1 , EMPTY = 0 , ALMOSTFULL = 0 , ALMOSTEMPTY = 0 , UNDERFLOW = 0
# [PASS] Time: 955 | All outputs matched!
# 
# [TRANSACTION] Time : 965 | Inputs : DATA_IN = 15138 , WR_EN = 0 , RD_EN = 1 RST_N = 1
# [ACTUAL] Time : 965 | Outputs : DATA_OUT = 40300 , WR_ACK = 0 , OVERFLOW = 0 , FULL = 0 , EMPTY = 0 , ALMOSTFULL = 1 , ALMOSTEMPTY = 0 , UNDERFLOW = 0
# [EXPECTED] Time : 965 | Outputs : DATA_OUT = 40300 , WR_ACK = 0 , OVERFLOW = 0 , FULL = 0 , EMPTY = 0 , ALMOSTFULL = 1 , ALMOSTEMPTY = 0 , UNDERFLOW = 0
# [PASS] Time: 965 | All outputs matched!
# 
# [TRANSACTION] Time : 975 | Inputs : DATA_IN = 44075 , WR_EN = 0 , RD_EN = 1 RST_N = 1
# [ACTUAL] Time : 975 | Outputs : DATA_OUT = 36183 , WR_ACK = 0 , OVERFLOW = 0 , FULL = 0 , EMPTY = 0 , ALMOSTFULL = 0 , ALMOSTEMPTY = 0 , UNDERFLOW = 0
# [EXPECTED] Time : 975 | Outputs : DATA_OUT = 36183 , WR_ACK = 0 , OVERFLOW = 0 , FULL = 0 , EMPTY = 0 , ALMOSTFULL = 0 , ALMOSTEMPTY = 0 , UNDERFLOW = 0
# [PASS] Time: 975 | All outputs matched!
# 
# [TRANSACTION] Time : 985 | Inputs : DATA_IN = 49939 , WR_EN = 1 , RD_EN = 1 RST_N = 1
# [ACTUAL] Time : 985 | Outputs : DATA_OUT = 8836 , WR_ACK = 1 , OVERFLOW = 0 , FULL = 0 , EMPTY = 0 , ALMOSTFULL = 0 , ALMOSTEMPTY = 0 , UNDERFLOW = 0
# [EXPECTED] Time : 985 | Outputs : DATA_OUT = 8836 , WR_ACK = 1 , OVERFLOW = 0 , FULL = 0 , EMPTY = 0 , ALMOSTFULL = 0 , ALMOSTEMPTY = 0 , UNDERFLOW = 0
# [PASS] Time: 985 | All outputs matched!
# 
# [TRANSACTION] Time : 995 | Inputs : DATA_IN = 63477 , WR_EN = 0 , RD_EN = 0 RST_N = 1
# [ACTUAL] Time : 995 | Outputs : DATA_OUT = 8836 , WR_ACK = 0 , OVERFLOW = 0 , FULL = 0 , EMPTY = 0 , ALMOSTFULL = 0 , ALMOSTEMPTY = 0 , UNDERFLOW = 0
# [EXPECTED] Time : 995 | Outputs : DATA_OUT = 8836 , WR_ACK = 0 , OVERFLOW = 0 , FULL = 0 , EMPTY = 0 , ALMOSTFULL = 0 , ALMOSTEMPTY = 0 , UNDERFLOW = 0
# [PASS] Time: 995 | All outputs matched!
# 
# [TRANSACTION] Time : 1005 | Inputs : DATA_IN = 32783 , WR_EN = 0 , RD_EN = 1 RST_N = 1
# [ACTUAL] Time : 1005 | Outputs : DATA_OUT = 26381 , WR_ACK = 0 , OVERFLOW = 0 , FULL = 0 , EMPTY = 0 , ALMOSTFULL = 0 , ALMOSTEMPTY = 0 , UNDERFLOW = 0
# [EXPECTED] Time : 1005 | Outputs : DATA_OUT = 26381 , WR_ACK = 0 , OVERFLOW = 0 , FULL = 0 , EMPTY = 0 , ALMOSTFULL = 0 , ALMOSTEMPTY = 0 , UNDERFLOW = 0
# [PASS] Time: 1005 | All outputs matched!
# 
# [TRANSACTION] Time : 1015 | Inputs : DATA_IN = 19032 , WR_EN = 1 , RD_EN = 1 RST_N = 1
# [ACTUAL] Time : 1015 | Outputs : DATA_OUT = 41500 , WR_ACK = 1 , OVERFLOW = 0 , FULL = 0 , EMPTY = 0 , ALMOSTFULL = 0 , ALMOSTEMPTY = 0 , UNDERFLOW = 0
# [EXPECTED] Time : 1015 | Outputs : DATA_OUT = 41500 , WR_ACK = 1 , OVERFLOW = 0 , FULL = 0 , EMPTY = 0 , ALMOSTFULL = 0 , ALMOSTEMPTY = 0 , UNDERFLOW = 0
# [PASS] Time: 1015 | All outputs matched!
# 
# [TRANSACTION] Time : 1025 | Inputs : DATA_IN = 13846 , WR_EN = 0 , RD_EN = 0 RST_N = 1
# [ACTUAL] Time : 1025 | Outputs : DATA_OUT = 41500 , WR_ACK = 0 , OVERFLOW = 0 , FULL = 0 , EMPTY = 0 , ALMOSTFULL = 0 , ALMOSTEMPTY = 0 , UNDERFLOW = 0
# [EXPECTED] Time : 1025 | Outputs : DATA_OUT = 41500 , WR_ACK = 0 , OVERFLOW = 0 , FULL = 0 , EMPTY = 0 , ALMOSTFULL = 0 , ALMOSTEMPTY = 0 , UNDERFLOW = 0
# [PASS] Time: 1025 | All outputs matched!
# 
# [TRANSACTION] Time : 1035 | Inputs : DATA_IN = 29282 , WR_EN = 1 , RD_EN = 0 RST_N = 1
# [ACTUAL] Time : 1035 | Outputs : DATA_OUT = 41500 , WR_ACK = 1 , OVERFLOW = 0 , FULL = 0 , EMPTY = 0 , ALMOSTFULL = 0 , ALMOSTEMPTY = 0 , UNDERFLOW = 0
# [EXPECTED] Time : 1035 | Outputs : DATA_OUT = 41500 , WR_ACK = 1 , OVERFLOW = 0 , FULL = 0 , EMPTY = 0 , ALMOSTFULL = 0 , ALMOSTEMPTY = 0 , UNDERFLOW = 0
# [PASS] Time: 1035 | All outputs matched!
# 
# [TRANSACTION] Time : 1045 | Inputs : DATA_IN = 48087 , WR_EN = 1 , RD_EN = 0 RST_N = 1
# [ACTUAL] Time : 1045 | Outputs : DATA_OUT = 41500 , WR_ACK = 1 , OVERFLOW = 0 , FULL = 0 , EMPTY = 0 , ALMOSTFULL = 1 , ALMOSTEMPTY = 0 , UNDERFLOW = 0
# [EXPECTED] Time : 1045 | Outputs : DATA_OUT = 41500 , WR_ACK = 1 , OVERFLOW = 0 , FULL = 0 , EMPTY = 0 , ALMOSTFULL = 1 , ALMOSTEMPTY = 0 , UNDERFLOW = 0
# [PASS] Time: 1045 | All outputs matched!
# 
# [TRANSACTION] Time : 1055 | Inputs : DATA_IN = 6921 , WR_EN = 0 , RD_EN = 1 RST_N = 1
# [ACTUAL] Time : 1055 | Outputs : DATA_OUT = 5655 , WR_ACK = 0 , OVERFLOW = 0 , FULL = 0 , EMPTY = 0 , ALMOSTFULL = 0 , ALMOSTEMPTY = 0 , UNDERFLOW = 0
# [EXPECTED] Time : 1055 | Outputs : DATA_OUT = 5655 , WR_ACK = 0 , OVERFLOW = 0 , FULL = 0 , EMPTY = 0 , ALMOSTFULL = 0 , ALMOSTEMPTY = 0 , UNDERFLOW = 0
# [PASS] Time: 1055 | All outputs matched!
# 
# [TRANSACTION] Time : 1065 | Inputs : DATA_IN = 1205 , WR_EN = 1 , RD_EN = 1 RST_N = 1
# [ACTUAL] Time : 1065 | Outputs : DATA_OUT = 43769 , WR_ACK = 1 , OVERFLOW = 0 , FULL = 0 , EMPTY = 0 , ALMOSTFULL = 0 , ALMOSTEMPTY = 0 , UNDERFLOW = 0
# [EXPECTED] Time : 1065 | Outputs : DATA_OUT = 43769 , WR_ACK = 1 , OVERFLOW = 0 , FULL = 0 , EMPTY = 0 , ALMOSTFULL = 0 , ALMOSTEMPTY = 0 , UNDERFLOW = 0
# [PASS] Time: 1065 | All outputs matched!
# 
# [TRANSACTION] Time : 1075 | Inputs : DATA_IN = 26291 , WR_EN = 0 , RD_EN = 1 RST_N = 1
# [ACTUAL] Time : 1075 | Outputs : DATA_OUT = 31807 , WR_ACK = 0 , OVERFLOW = 0 , FULL = 0 , EMPTY = 0 , ALMOSTFULL = 0 , ALMOSTEMPTY = 0 , UNDERFLOW = 0
# [EXPECTED] Time : 1075 | Outputs : DATA_OUT = 31807 , WR_ACK = 0 , OVERFLOW = 0 , FULL = 0 , EMPTY = 0 , ALMOSTFULL = 0 , ALMOSTEMPTY = 0 , UNDERFLOW = 0
# [PASS] Time: 1075 | All outputs matched!
# 
# [TRANSACTION] Time : 1085 | Inputs : DATA_IN = 65512 , WR_EN = 1 , RD_EN = 1 RST_N = 1
# [ACTUAL] Time : 1085 | Outputs : DATA_OUT = 49939 , WR_ACK = 1 , OVERFLOW = 0 , FULL = 0 , EMPTY = 0 , ALMOSTFULL = 0 , ALMOSTEMPTY = 0 , UNDERFLOW = 0
# [EXPECTED] Time : 1085 | Outputs : DATA_OUT = 49939 , WR_ACK = 1 , OVERFLOW = 0 , FULL = 0 , EMPTY = 0 , ALMOSTFULL = 0 , ALMOSTEMPTY = 0 , UNDERFLOW = 0
# [PASS] Time: 1085 | All outputs matched!
# 
# [TRANSACTION] Time : 1095 | Inputs : DATA_IN = 9888 , WR_EN = 1 , RD_EN = 0 RST_N = 1
# [ACTUAL] Time : 1095 | Outputs : DATA_OUT = 49939 , WR_ACK = 1 , OVERFLOW = 0 , FULL = 0 , EMPTY = 0 , ALMOSTFULL = 0 , ALMOSTEMPTY = 0 , UNDERFLOW = 0
# [EXPECTED] Time : 1095 | Outputs : DATA_OUT = 49939 , WR_ACK = 1 , OVERFLOW = 0 , FULL = 0 , EMPTY = 0 , ALMOSTFULL = 0 , ALMOSTEMPTY = 0 , UNDERFLOW = 0
# [PASS] Time: 1095 | All outputs matched!
# 
# [TRANSACTION] Time : 1105 | Inputs : DATA_IN = 58118 , WR_EN = 0 , RD_EN = 1 RST_N = 1
# [ACTUAL] Time : 1105 | Outputs : DATA_OUT = 19032 , WR_ACK = 0 , OVERFLOW = 0 , FULL = 0 , EMPTY = 0 , ALMOSTFULL = 0 , ALMOSTEMPTY = 0 , UNDERFLOW = 0
# [EXPECTED] Time : 1105 | Outputs : DATA_OUT = 19032 , WR_ACK = 0 , OVERFLOW = 0 , FULL = 0 , EMPTY = 0 , ALMOSTFULL = 0 , ALMOSTEMPTY = 0 , UNDERFLOW = 0
# [PASS] Time: 1105 | All outputs matched!
# 
# [TRANSACTION] Time : 1115 | Inputs : DATA_IN = 25425 , WR_EN = 1 , RD_EN = 1 RST_N = 1
# [ACTUAL] Time : 1115 | Outputs : DATA_OUT = 29282 , WR_ACK = 1 , OVERFLOW = 0 , FULL = 0 , EMPTY = 0 , ALMOSTFULL = 0 , ALMOSTEMPTY = 0 , UNDERFLOW = 0
# [EXPECTED] Time : 1115 | Outputs : DATA_OUT = 29282 , WR_ACK = 1 , OVERFLOW = 0 , FULL = 0 , EMPTY = 0 , ALMOSTFULL = 0 , ALMOSTEMPTY = 0 , UNDERFLOW = 0
# [PASS] Time: 1115 | All outputs matched!
# 
# [TRANSACTION] Time : 1125 | Inputs : DATA_IN = 25746 , WR_EN = 0 , RD_EN = 0 RST_N = 1
# [ACTUAL] Time : 1125 | Outputs : DATA_OUT = 29282 , WR_ACK = 0 , OVERFLOW = 0 , FULL = 0 , EMPTY = 0 , ALMOSTFULL = 0 , ALMOSTEMPTY = 0 , UNDERFLOW = 0
# [EXPECTED] Time : 1125 | Outputs : DATA_OUT = 29282 , WR_ACK = 0 , OVERFLOW = 0 , FULL = 0 , EMPTY = 0 , ALMOSTFULL = 0 , ALMOSTEMPTY = 0 , UNDERFLOW = 0
# [PASS] Time: 1125 | All outputs matched!
# 
# [TRANSACTION] Time : 1135 | Inputs : DATA_IN = 54353 , WR_EN = 1 , RD_EN = 1 RST_N = 1
# [ACTUAL] Time : 1135 | Outputs : DATA_OUT = 48087 , WR_ACK = 1 , OVERFLOW = 0 , FULL = 0 , EMPTY = 0 , ALMOSTFULL = 0 , ALMOSTEMPTY = 0 , UNDERFLOW = 0
# [EXPECTED] Time : 1135 | Outputs : DATA_OUT = 48087 , WR_ACK = 1 , OVERFLOW = 0 , FULL = 0 , EMPTY = 0 , ALMOSTFULL = 0 , ALMOSTEMPTY = 0 , UNDERFLOW = 0
# [PASS] Time: 1135 | All outputs matched!
# 
# [TRANSACTION] Time : 1145 | Inputs : DATA_IN = 29867 , WR_EN = 1 , RD_EN = 0 RST_N = 1
# [ACTUAL] Time : 1145 | Outputs : DATA_OUT = 48087 , WR_ACK = 1 , OVERFLOW = 0 , FULL = 0 , EMPTY = 0 , ALMOSTFULL = 0 , ALMOSTEMPTY = 0 , UNDERFLOW = 0
# [EXPECTED] Time : 1145 | Outputs : DATA_OUT = 48087 , WR_ACK = 1 , OVERFLOW = 0 , FULL = 0 , EMPTY = 0 , ALMOSTFULL = 0 , ALMOSTEMPTY = 0 , UNDERFLOW = 0
# [PASS] Time: 1145 | All outputs matched!
# 
# [TRANSACTION] Time : 1155 | Inputs : DATA_IN = 56794 , WR_EN = 1 , RD_EN = 0 RST_N = 1
# [ACTUAL] Time : 1155 | Outputs : DATA_OUT = 48087 , WR_ACK = 1 , OVERFLOW = 0 , FULL = 0 , EMPTY = 0 , ALMOSTFULL = 1 , ALMOSTEMPTY = 0 , UNDERFLOW = 0
# [EXPECTED] Time : 1155 | Outputs : DATA_OUT = 48087 , WR_ACK = 1 , OVERFLOW = 0 , FULL = 0 , EMPTY = 0 , ALMOSTFULL = 1 , ALMOSTEMPTY = 0 , UNDERFLOW = 0
# [PASS] Time: 1155 | All outputs matched!
# 
# [TRANSACTION] Time : 1165 | Inputs : DATA_IN = 35388 , WR_EN = 0 , RD_EN = 1 RST_N = 1
# [ACTUAL] Time : 1165 | Outputs : DATA_OUT = 1205 , WR_ACK = 0 , OVERFLOW = 0 , FULL = 0 , EMPTY = 0 , ALMOSTFULL = 0 , ALMOSTEMPTY = 0 , UNDERFLOW = 0
# [EXPECTED] Time : 1165 | Outputs : DATA_OUT = 1205 , WR_ACK = 0 , OVERFLOW = 0 , FULL = 0 , EMPTY = 0 , ALMOSTFULL = 0 , ALMOSTEMPTY = 0 , UNDERFLOW = 0
# [PASS] Time: 1165 | All outputs matched!
# 
# [TRANSACTION] Time : 1175 | Inputs : DATA_IN = 25132 , WR_EN = 1 , RD_EN = 1 RST_N = 1
# [ACTUAL] Time : 1175 | Outputs : DATA_OUT = 65512 , WR_ACK = 1 , OVERFLOW = 0 , FULL = 0 , EMPTY = 0 , ALMOSTFULL = 0 , ALMOSTEMPTY = 0 , UNDERFLOW = 0
# [EXPECTED] Time : 1175 | Outputs : DATA_OUT = 65512 , WR_ACK = 1 , OVERFLOW = 0 , FULL = 0 , EMPTY = 0 , ALMOSTFULL = 0 , ALMOSTEMPTY = 0 , UNDERFLOW = 0
# [PASS] Time: 1175 | All outputs matched!
# 
# [TRANSACTION] Time : 1185 | Inputs : DATA_IN = 41726 , WR_EN = 1 , RD_EN = 0 RST_N = 1
# [ACTUAL] Time : 1185 | Outputs : DATA_OUT = 65512 , WR_ACK = 1 , OVERFLOW = 0 , FULL = 0 , EMPTY = 0 , ALMOSTFULL = 1 , ALMOSTEMPTY = 0 , UNDERFLOW = 0
# [EXPECTED] Time : 1185 | Outputs : DATA_OUT = 65512 , WR_ACK = 1 , OVERFLOW = 0 , FULL = 0 , EMPTY = 0 , ALMOSTFULL = 1 , ALMOSTEMPTY = 0 , UNDERFLOW = 0
# [PASS] Time: 1185 | All outputs matched!
# 
# [TRANSACTION] Time : 1195 | Inputs : DATA_IN = 55349 , WR_EN = 1 , RD_EN = 1 RST_N = 1
# [ACTUAL] Time : 1195 | Outputs : DATA_OUT = 9888 , WR_ACK = 1 , OVERFLOW = 0 , FULL = 0 , EMPTY = 0 , ALMOSTFULL = 1 , ALMOSTEMPTY = 0 , UNDERFLOW = 0
# [EXPECTED] Time : 1195 | Outputs : DATA_OUT = 9888 , WR_ACK = 1 , OVERFLOW = 0 , FULL = 0 , EMPTY = 0 , ALMOSTFULL = 1 , ALMOSTEMPTY = 0 , UNDERFLOW = 0
# [PASS] Time: 1195 | All outputs matched!
# 
# [TRANSACTION] Time : 1205 | Inputs : DATA_IN = 16602 , WR_EN = 1 , RD_EN = 1 RST_N = 1
# [ACTUAL] Time : 1205 | Outputs : DATA_OUT = 25425 , WR_ACK = 1 , OVERFLOW = 0 , FULL = 0 , EMPTY = 0 , ALMOSTFULL = 1 , ALMOSTEMPTY = 0 , UNDERFLOW = 0
# [EXPECTED] Time : 1205 | Outputs : DATA_OUT = 25425 , WR_ACK = 1 , OVERFLOW = 0 , FULL = 0 , EMPTY = 0 , ALMOSTFULL = 1 , ALMOSTEMPTY = 0 , UNDERFLOW = 0
# [PASS] Time: 1205 | All outputs matched!
# 
# [TRANSACTION] Time : 1215 | Inputs : DATA_IN = 58411 , WR_EN = 0 , RD_EN = 1 RST_N = 1
# [ACTUAL] Time : 1215 | Outputs : DATA_OUT = 54353 , WR_ACK = 0 , OVERFLOW = 0 , FULL = 0 , EMPTY = 0 , ALMOSTFULL = 0 , ALMOSTEMPTY = 0 , UNDERFLOW = 0
# [EXPECTED] Time : 1215 | Outputs : DATA_OUT = 54353 , WR_ACK = 0 , OVERFLOW = 0 , FULL = 0 , EMPTY = 0 , ALMOSTFULL = 0 , ALMOSTEMPTY = 0 , UNDERFLOW = 0
# [PASS] Time: 1215 | All outputs matched!
# 
# [TRANSACTION] Time : 1225 | Inputs : DATA_IN = 46328 , WR_EN = 1 , RD_EN = 1 RST_N = 1
# [ACTUAL] Time : 1225 | Outputs : DATA_OUT = 29867 , WR_ACK = 1 , OVERFLOW = 0 , FULL = 0 , EMPTY = 0 , ALMOSTFULL = 0 , ALMOSTEMPTY = 0 , UNDERFLOW = 0
# [EXPECTED] Time : 1225 | Outputs : DATA_OUT = 29867 , WR_ACK = 1 , OVERFLOW = 0 , FULL = 0 , EMPTY = 0 , ALMOSTFULL = 0 , ALMOSTEMPTY = 0 , UNDERFLOW = 0
# [PASS] Time: 1225 | All outputs matched!
# 
# [TRANSACTION] Time : 1235 | Inputs : DATA_IN = 22406 , WR_EN = 1 , RD_EN = 0 RST_N = 1
# [ACTUAL] Time : 1235 | Outputs : DATA_OUT = 29867 , WR_ACK = 1 , OVERFLOW = 0 , FULL = 0 , EMPTY = 0 , ALMOSTFULL = 1 , ALMOSTEMPTY = 0 , UNDERFLOW = 0
# [EXPECTED] Time : 1235 | Outputs : DATA_OUT = 29867 , WR_ACK = 1 , OVERFLOW = 0 , FULL = 0 , EMPTY = 0 , ALMOSTFULL = 1 , ALMOSTEMPTY = 0 , UNDERFLOW = 0
# [PASS] Time: 1235 | All outputs matched!
# 
# [TRANSACTION] Time : 1245 | Inputs : DATA_IN = 32485 , WR_EN = 0 , RD_EN = 0 RST_N = 1
# [ACTUAL] Time : 1245 | Outputs : DATA_OUT = 29867 , WR_ACK = 0 , OVERFLOW = 0 , FULL = 0 , EMPTY = 0 , ALMOSTFULL = 1 , ALMOSTEMPTY = 0 , UNDERFLOW = 0
# [EXPECTED] Time : 1245 | Outputs : DATA_OUT = 29867 , WR_ACK = 0 , OVERFLOW = 0 , FULL = 0 , EMPTY = 0 , ALMOSTFULL = 1 , ALMOSTEMPTY = 0 , UNDERFLOW = 0
# [PASS] Time: 1245 | All outputs matched!
# 
# [TRANSACTION] Time : 1255 | Inputs : DATA_IN = 8656 , WR_EN = 0 , RD_EN = 1 RST_N = 1
# [ACTUAL] Time : 1255 | Outputs : DATA_OUT = 56794 , WR_ACK = 0 , OVERFLOW = 0 , FULL = 0 , EMPTY = 0 , ALMOSTFULL = 0 , ALMOSTEMPTY = 0 , UNDERFLOW = 0
# [EXPECTED] Time : 1255 | Outputs : DATA_OUT = 56794 , WR_ACK = 0 , OVERFLOW = 0 , FULL = 0 , EMPTY = 0 , ALMOSTFULL = 0 , ALMOSTEMPTY = 0 , UNDERFLOW = 0
# [PASS] Time: 1255 | All outputs matched!
# 
# [TRANSACTION] Time : 1265 | Inputs : DATA_IN = 47777 , WR_EN = 0 , RD_EN = 1 RST_N = 1
# [ACTUAL] Time : 1265 | Outputs : DATA_OUT = 25132 , WR_ACK = 0 , OVERFLOW = 0 , FULL = 0 , EMPTY = 0 , ALMOSTFULL = 0 , ALMOSTEMPTY = 0 , UNDERFLOW = 0
# [EXPECTED] Time : 1265 | Outputs : DATA_OUT = 25132 , WR_ACK = 0 , OVERFLOW = 0 , FULL = 0 , EMPTY = 0 , ALMOSTFULL = 0 , ALMOSTEMPTY = 0 , UNDERFLOW = 0
# [PASS] Time: 1265 | All outputs matched!
# 
# [TRANSACTION] Time : 1275 | Inputs : DATA_IN = 24531 , WR_EN = 1 , RD_EN = 1 RST_N = 1
# [ACTUAL] Time : 1275 | Outputs : DATA_OUT = 41726 , WR_ACK = 1 , OVERFLOW = 0 , FULL = 0 , EMPTY = 0 , ALMOSTFULL = 0 , ALMOSTEMPTY = 0 , UNDERFLOW = 0
# [EXPECTED] Time : 1275 | Outputs : DATA_OUT = 41726 , WR_ACK = 1 , OVERFLOW = 0 , FULL = 0 , EMPTY = 0 , ALMOSTFULL = 0 , ALMOSTEMPTY = 0 , UNDERFLOW = 0
# [PASS] Time: 1275 | All outputs matched!
# 
# [TRANSACTION] Time : 1285 | Inputs : DATA_IN = 61372 , WR_EN = 1 , RD_EN = 1 RST_N = 1
# [ACTUAL] Time : 1285 | Outputs : DATA_OUT = 55349 , WR_ACK = 1 , OVERFLOW = 0 , FULL = 0 , EMPTY = 0 , ALMOSTFULL = 0 , ALMOSTEMPTY = 0 , UNDERFLOW = 0
# [EXPECTED] Time : 1285 | Outputs : DATA_OUT = 55349 , WR_ACK = 1 , OVERFLOW = 0 , FULL = 0 , EMPTY = 0 , ALMOSTFULL = 0 , ALMOSTEMPTY = 0 , UNDERFLOW = 0
# [PASS] Time: 1285 | All outputs matched!
# 
# [TRANSACTION] Time : 1295 | Inputs : DATA_IN = 45800 , WR_EN = 1 , RD_EN = 1 RST_N = 1
# [ACTUAL] Time : 1295 | Outputs : DATA_OUT = 16602 , WR_ACK = 1 , OVERFLOW = 0 , FULL = 0 , EMPTY = 0 , ALMOSTFULL = 0 , ALMOSTEMPTY = 0 , UNDERFLOW = 0
# [EXPECTED] Time : 1295 | Outputs : DATA_OUT = 16602 , WR_ACK = 1 , OVERFLOW = 0 , FULL = 0 , EMPTY = 0 , ALMOSTFULL = 0 , ALMOSTEMPTY = 0 , UNDERFLOW = 0
# [PASS] Time: 1295 | All outputs matched!
# 
# [TRANSACTION] Time : 1305 | Inputs : DATA_IN = 13001 , WR_EN = 1 , RD_EN = 1 RST_N = 1
# [ACTUAL] Time : 1305 | Outputs : DATA_OUT = 46328 , WR_ACK = 1 , OVERFLOW = 0 , FULL = 0 , EMPTY = 0 , ALMOSTFULL = 0 , ALMOSTEMPTY = 0 , UNDERFLOW = 0
# [EXPECTED] Time : 1305 | Outputs : DATA_OUT = 46328 , WR_ACK = 1 , OVERFLOW = 0 , FULL = 0 , EMPTY = 0 , ALMOSTFULL = 0 , ALMOSTEMPTY = 0 , UNDERFLOW = 0
# [PASS] Time: 1305 | All outputs matched!
# 
# [TRANSACTION] Time : 1315 | Inputs : DATA_IN = 24868 , WR_EN = 1 , RD_EN = 0 RST_N = 1
# [ACTUAL] Time : 1315 | Outputs : DATA_OUT = 46328 , WR_ACK = 1 , OVERFLOW = 0 , FULL = 0 , EMPTY = 0 , ALMOSTFULL = 0 , ALMOSTEMPTY = 0 , UNDERFLOW = 0
# [EXPECTED] Time : 1315 | Outputs : DATA_OUT = 46328 , WR_ACK = 1 , OVERFLOW = 0 , FULL = 0 , EMPTY = 0 , ALMOSTFULL = 0 , ALMOSTEMPTY = 0 , UNDERFLOW = 0
# [PASS] Time: 1315 | All outputs matched!
# 
# [TRANSACTION] Time : 1325 | Inputs : DATA_IN = 62507 , WR_EN = 1 , RD_EN = 0 RST_N = 1
# [ACTUAL] Time : 1325 | Outputs : DATA_OUT = 46328 , WR_ACK = 1 , OVERFLOW = 0 , FULL = 0 , EMPTY = 0 , ALMOSTFULL = 1 , ALMOSTEMPTY = 0 , UNDERFLOW = 0
# [EXPECTED] Time : 1325 | Outputs : DATA_OUT = 46328 , WR_ACK = 1 , OVERFLOW = 0 , FULL = 0 , EMPTY = 0 , ALMOSTFULL = 1 , ALMOSTEMPTY = 0 , UNDERFLOW = 0
# [PASS] Time: 1325 | All outputs matched!
# 
# [TRANSACTION] Time : 1335 | Inputs : DATA_IN = 59432 , WR_EN = 1 , RD_EN = 0 RST_N = 1
# [ACTUAL] Time : 1335 | Outputs : DATA_OUT = 46328 , WR_ACK = 1 , OVERFLOW = 0 , FULL = 1 , EMPTY = 0 , ALMOSTFULL = 0 , ALMOSTEMPTY = 0 , UNDERFLOW = 0
# [EXPECTED] Time : 1335 | Outputs : DATA_OUT = 46328 , WR_ACK = 1 , OVERFLOW = 0 , FULL = 1 , EMPTY = 0 , ALMOSTFULL = 0 , ALMOSTEMPTY = 0 , UNDERFLOW = 0
# [PASS] Time: 1335 | All outputs matched!
# 
# [TRANSACTION] Time : 1345 | Inputs : DATA_IN = 41321 , WR_EN = 0 , RD_EN = 0 RST_N = 1
# [ACTUAL] Time : 1345 | Outputs : DATA_OUT = 46328 , WR_ACK = 0 , OVERFLOW = 0 , FULL = 1 , EMPTY = 0 , ALMOSTFULL = 0 , ALMOSTEMPTY = 0 , UNDERFLOW = 0
# [EXPECTED] Time : 1345 | Outputs : DATA_OUT = 46328 , WR_ACK = 0 , OVERFLOW = 0 , FULL = 1 , EMPTY = 0 , ALMOSTFULL = 0 , ALMOSTEMPTY = 0 , UNDERFLOW = 0
# [PASS] Time: 1345 | All outputs matched!
# 
# [TRANSACTION] Time : 1355 | Inputs : DATA_IN = 41757 , WR_EN = 0 , RD_EN = 0 RST_N = 1
# [ACTUAL] Time : 1355 | Outputs : DATA_OUT = 46328 , WR_ACK = 0 , OVERFLOW = 0 , FULL = 1 , EMPTY = 0 , ALMOSTFULL = 0 , ALMOSTEMPTY = 0 , UNDERFLOW = 0
# [EXPECTED] Time : 1355 | Outputs : DATA_OUT = 46328 , WR_ACK = 0 , OVERFLOW = 0 , FULL = 1 , EMPTY = 0 , ALMOSTFULL = 0 , ALMOSTEMPTY = 0 , UNDERFLOW = 0
# [PASS] Time: 1355 | All outputs matched!
# 
# [TRANSACTION] Time : 1365 | Inputs : DATA_IN = 59337 , WR_EN = 1 , RD_EN = 1 RST_N = 1
# [ACTUAL] Time : 1365 | Outputs : DATA_OUT = 22406 , WR_ACK = 0 , OVERFLOW = 1 , FULL = 0 , EMPTY = 0 , ALMOSTFULL = 1 , ALMOSTEMPTY = 0 , UNDERFLOW = 0
# [EXPECTED] Time : 1365 | Outputs : DATA_OUT = 22406 , WR_ACK = 0 , OVERFLOW = 1 , FULL = 0 , EMPTY = 0 , ALMOSTFULL = 1 , ALMOSTEMPTY = 0 , UNDERFLOW = 0
# [PASS] Time: 1365 | All outputs matched!
# 
# [TRANSACTION] Time : 1375 | Inputs : DATA_IN = 3468 , WR_EN = 0 , RD_EN = 1 RST_N = 1
# [ACTUAL] Time : 1375 | Outputs : DATA_OUT = 24531 , WR_ACK = 0 , OVERFLOW = 0 , FULL = 0 , EMPTY = 0 , ALMOSTFULL = 0 , ALMOSTEMPTY = 0 , UNDERFLOW = 0
# [EXPECTED] Time : 1375 | Outputs : DATA_OUT = 24531 , WR_ACK = 0 , OVERFLOW = 0 , FULL = 0 , EMPTY = 0 , ALMOSTFULL = 0 , ALMOSTEMPTY = 0 , UNDERFLOW = 0
# [PASS] Time: 1375 | All outputs matched!
# 
# [TRANSACTION] Time : 1385 | Inputs : DATA_IN = 23265 , WR_EN = 1 , RD_EN = 0 RST_N = 1
# [ACTUAL] Time : 1385 | Outputs : DATA_OUT = 24531 , WR_ACK = 1 , OVERFLOW = 0 , FULL = 0 , EMPTY = 0 , ALMOSTFULL = 1 , ALMOSTEMPTY = 0 , UNDERFLOW = 0
# [EXPECTED] Time : 1385 | Outputs : DATA_OUT = 24531 , WR_ACK = 1 , OVERFLOW = 0 , FULL = 0 , EMPTY = 0 , ALMOSTFULL = 1 , ALMOSTEMPTY = 0 , UNDERFLOW = 0
# [PASS] Time: 1385 | All outputs matched!
# 
# 
# --------------- Assert Reset ---------------
# 
# [TRANSACTION] Time : 1395 | Inputs : DATA_IN = 23265 , WR_EN = 1 , RD_EN = 0 RST_N = 1
# [ACTUAL] Time : 1395 | Outputs : DATA_OUT = 24531 , WR_ACK = 1 , OVERFLOW = 0 , FULL = 1 , EMPTY = 0 , ALMOSTFULL = 0 , ALMOSTEMPTY = 0 , UNDERFLOW = 0
# [EXPECTED] Time : 1395 | Outputs : DATA_OUT = 24531 , WR_ACK = 1 , OVERFLOW = 0 , FULL = 1 , EMPTY = 0 , ALMOSTFULL = 0 , ALMOSTEMPTY = 0 , UNDERFLOW = 0
# [PASS] Time: 1395 | All outputs matched!
# 
# [TRANSACTION] Time : 1405 | Inputs : DATA_IN = 63372 , WR_EN = 0 , RD_EN = 0 RST_N = 0
# [ACTUAL] Time : 1405 | Outputs : DATA_OUT = x , WR_ACK = 0 , OVERFLOW = 0 , FULL = 0 , EMPTY = 1 , ALMOSTFULL = 0 , ALMOSTEMPTY = 0 , UNDERFLOW = 0
# [EXPECTED] Time : 1405 | Outputs : DATA_OUT = x , WR_ACK = 0 , OVERFLOW = 0 , FULL = 0 , EMPTY = 1 , ALMOSTFULL = 0 , ALMOSTEMPTY = 0 , UNDERFLOW = 0
# [PASS] Time: 1405 | All outputs matched!
# 
# [TRANSACTION] Time : 1415 | Inputs : DATA_IN = 63372 , WR_EN = 0 , RD_EN = 0 RST_N = 0
# [ACTUAL] Time : 1415 | Outputs : DATA_OUT = x , WR_ACK = 0 , OVERFLOW = 0 , FULL = 0 , EMPTY = 1 , ALMOSTFULL = 0 , ALMOSTEMPTY = 0 , UNDERFLOW = 0
# [EXPECTED] Time : 1415 | Outputs : DATA_OUT = x , WR_ACK = 0 , OVERFLOW = 0 , FULL = 0 , EMPTY = 1 , ALMOSTFULL = 0 , ALMOSTEMPTY = 0 , UNDERFLOW = 0
# [PASS] Time: 1415 | All outputs matched!
# 
# ** Note: $stop    : top.sv(30)
#    Time: 1420 ns  Iteration: 0  Instance: /top
# Break in Module top at top.sv line 30
# Stopped at top.sv line 30
# Saving coverage database on exit...
# 
# ==================================================
#                FINAL TESTBENCH REPORT             
# ==================================================
#  Total Operations Completed Successfully : 141
#  Total Operations Executed Successfully  : 141
#  Total Errors Detected                   : 0
# ==================================================
# 
# End time: 07:06:18 on Sep 15,2026, Elapsed time: 0:00:29
# Errors: 0, Warnings: 2
